


ARM Macro Assembler    Page 1 


    1 00000000         ;*******************************************************
                       ******** 
    2 00000000         ; EQU Directives
    3 00000000         ; These directives do not allocate memory
    4 00000000         ;*******************************************************
                       ********
    5 00000000         ;SYMBOL    DIRECTIVE VALUE   COMMENT
    6 00000000 400FE608 
                       SYSCTL_RCGCGPIO
                               EQU              0x400FE608  ;Enable GPIO
    7 00000000 40004400 
                       GPIO_PORTA_DIR
                               EQU              0x40004400  ;Direction reg
    8 00000000 40004420 
                       GPIO_PORTA_AFSEL
                               EQU              0x40004420  ;Alternate function
                                                            
    9 00000000 4000452C 
                       GPIO_PORTA_PCTL
                               EQU              0x4000452C  ;Port Control
   10 00000000 4000451C 
                       GPIO_PORTA_DEN
                               EQU              0x4000451C  ;Digital enable
   11 00000000         
   12 00000000         ;*******************************************************
                       ********
   13 00000000         ; Directives - This Data Section is part of the code
   14 00000000         ; It is in the read only section  so values cannot be ch
                       anged.
   15 00000000         ;*******************************************************
                       ******** 
   16 00000000         ;LABEL  DIRECTIVE VALUE     COMMENT
   17 00000000                 AREA             sdata, DATA, READONLY
   18 00000000                 THUMB
   19 00000000         
   20 00000000         ;*******************************************************
                       ********
   21 00000000         ; Program section           
   22 00000000         ;*******************************************************
                       ********
   23 00000000         ;LABEL  DIRECTIVE VALUE     COMMENT
   24 00000000                 AREA             main, CODE, READONLY
   25 00000000                 THUMB
   26 00000000                 ALIGN
   27 00000000                 EXPORT           SPI_CONFIG
   28 00000000         
   29 00000000         ;*******************************************************
                       ********
   30 00000000         ; Main Function
   31 00000000         ;*******************************************************
                       ******** 
   32 00000000         ;LABEL  DIRECTIVE VALUE     COMMENT
   33 00000000         SPI_CONFIG
                               PROC
   34 00000000         
   35 00000000 4910    GPIO_INIT
                               LDR              R1,=SYSCTL_RCGCGPIO 
                                                            ; Initalize Clock
   36 00000002 6808            LDR              R0,[R1]



ARM Macro Assembler    Page 2 


   37 00000004 F040 0001       ORR              R0,R0,#0x01
   38 00000008 6008            STR              R0,[R1]
   39 0000000A BF00            NOP
   40 0000000C BF00            NOP
   41 0000000E BF00            NOP
   42 00000010 BF00            NOP                          ; let GPIO clock st
                                                            abilize  
   43 00000012         
   44 00000012 490D            LDR              R1,=GPIO_PORTA_DIR
   45 00000014 6808            LDR              R0,[R1]
   46 00000016 F040 002C       ORR              R0,R0,#0x2C
   47 0000001A F020 0010       BIC              R0,R0,#0x10
   48 0000001E 6008            STR              R0,[R1]
   49 00000020         
   50 00000020 490A            LDR              R1,=GPIO_PORTA_DEN
   51 00000022 6808            LDR              R0,[R1]
   52 00000024 F040 003C       ORR              R0,R0,#0x3C
   53 00000028 6008            STR              R0,[R1]
   54 0000002A         
   55 0000002A 4909            LDR              R1,=GPIO_PORTA_AFSEL
   56 0000002C 6808            LDR              R0,[R1]
   57 0000002E F040 003C       ORR              R0,R0,#0x3C
   58 00000032 6008            STR              R0,[R1]
   59 00000034         
   60 00000034 4907            LDR              R1,=GPIO_PORTA_PCTL
   61 00000036 6808            LDR              R0,[R1]
   62 00000038 4A07            LDR              R2,=0x222200
   63 0000003A EA40 0002       ORR              R0,R0,R2
   64 0000003E 6008            STR              R0,[R1]
   65 00000040         
   66 00000040         
   67 00000040 4770            BX               LR
   68 00000042         ;*******************************************************
                       ********
   69 00000042         ; End of the program  section
   70 00000042         ;*******************************************************
                       ********
   71 00000042         ;LABEL      DIRECTIVE       VALUE                       
                           COMMENT
   72 00000042                 ENDP
   73 00000042 00 00           ALIGN
   74 00000044                 END
              400FE608 
              40004400 
              4000451C 
              40004420 
              4000452C 
              00222200 
Command Line: --debug --xref --diag_suppress=9931 --cpu=Cortex-M4.fp --apcs=int
erwork --depend=.\objects\spi_config.d -o.\objects\spi_config.o -I.\RTE\_Target
_1 -ID:\Work\ARM\PACK\Keil\TM4C_DFP\1.1.0\Device\Include\TM4C123 -ID:\Work\ARM\
CMSIS\Include --predefine="__EVAL SETA 1" --predefine="__UVISION_VERSION SETA 5
26" --predefine="TM4C123GH6PM SETA 1" --list=.\listings\spi_config.lst SPI_conf
ig.s



ARM Macro Assembler    Page 1 Alphabetic symbol ordering
Relocatable symbols

sdata 00000000

Symbol: sdata
   Definitions
      At line 17 in file SPI_config.s
   Uses
      None
Comment: sdata unused
1 symbol



ARM Macro Assembler    Page 1 Alphabetic symbol ordering
Relocatable symbols

GPIO_INIT 00000000

Symbol: GPIO_INIT
   Definitions
      At line 35 in file SPI_config.s
   Uses
      None
Comment: GPIO_INIT unused
SPI_CONFIG 00000000

Symbol: SPI_CONFIG
   Definitions
      At line 33 in file SPI_config.s
   Uses
      At line 27 in file SPI_config.s
Comment: SPI_CONFIG used once
main 00000000

Symbol: main
   Definitions
      At line 24 in file SPI_config.s
   Uses
      None
Comment: main unused
3 symbols



ARM Macro Assembler    Page 1 Alphabetic symbol ordering
Absolute symbols

GPIO_PORTA_AFSEL 40004420

Symbol: GPIO_PORTA_AFSEL
   Definitions
      At line 8 in file SPI_config.s
   Uses
      At line 55 in file SPI_config.s
Comment: GPIO_PORTA_AFSEL used once
GPIO_PORTA_DEN 4000451C

Symbol: GPIO_PORTA_DEN
   Definitions
      At line 10 in file SPI_config.s
   Uses
      At line 50 in file SPI_config.s
Comment: GPIO_PORTA_DEN used once
GPIO_PORTA_DIR 40004400

Symbol: GPIO_PORTA_DIR
   Definitions
      At line 7 in file SPI_config.s
   Uses
      At line 44 in file SPI_config.s
Comment: GPIO_PORTA_DIR used once
GPIO_PORTA_PCTL 4000452C

Symbol: GPIO_PORTA_PCTL
   Definitions
      At line 9 in file SPI_config.s
   Uses
      At line 60 in file SPI_config.s
Comment: GPIO_PORTA_PCTL used once
SYSCTL_RCGCGPIO 400FE608

Symbol: SYSCTL_RCGCGPIO
   Definitions
      At line 6 in file SPI_config.s
   Uses
      At line 35 in file SPI_config.s
Comment: SYSCTL_RCGCGPIO used once
5 symbols
345 symbols in table
