


ARM Macro Assembler    Page 1 


    1 00000000 40005008 
                       OUT_PORTB_DC
                               EQU              0x40005008  ;00000010
    2 00000000         
    3 00000000 20000400 
                       EMPTY_FIELD
                               EQU              0x20000400  ;400-5F7
    4 00000000         ;LABEL  DIRECTIVE VALUE     COMMENT
    5 00000000                 AREA             routines,READONLY,CODE
    6 00000000                 THUMB
    7 00000000                 ALIGN
    8 00000000                 EXTERN           DELAY_1ms
    9 00000000                 EXTERN           DELAY_100ms
   10 00000000                 EXTERN           DATA_WRITE
   11 00000000                 EXTERN           ADDRESS_CHANGE
   12 00000000                 EXPORT           LOSER
   13 00000000         
   14 00000000         ;*******************************************************
                       ********
   15 00000000         ; LOSER IS GOING TO BE SHOWN ON SCREEN
   16 00000000         ; 
   17 00000000         ; 
   18 00000000         ;*******************************************************
                       ******** 
   19 00000000         ;LABEL  DIRECTIVE VALUE     COMMENT
   20 00000000         
   21 00000000         LOSER   PROC
   22 00000000         
   23 00000000 B500            PUSH             {LR}
   24 00000002 F44F 7616       MOV              R6,#600
   25 00000006 F04F 0400 
                       loop    MOV              R4,#0x00
   26 0000000A F7FF FFFE       BL               DATA_WRITE
   27 0000000E 1E76            SUBS             R6,R6,#1
   28 00000010 D1F9            BNE              loop
   29 00000012         
   30 00000012         
   31 00000012 F240 241F       LDR              R4,=0x021F
   32 00000016 F7FF FFFE       BL               ADDRESS_CHANGE
   33 0000001A         
   34 0000001A         ;  ,{0x7f, 0x40, 0x40, 0x40, 0x40} // 4c L
   35 0000001A F04F 047F       MOV              R4, #0x7F
   36 0000001E F7FF FFFE       BL               DATA_WRITE
   37 00000022 F04F 0440       MOV              r4,#0x40
   38 00000026 F7FF FFFE       BL               DATA_WRITE
   39 0000002A F04F 0440       MOV              R4, #0x40
   40 0000002E F7FF FFFE       BL               DATA_WRITE
   41 00000032 F04F 0440       MOV              R4, #0x40
   42 00000036 F7FF FFFE       BL               DATA_WRITE
   43 0000003A F04F 0440       MOV              R4, #0x40
   44 0000003E F7FF FFFE       BL               DATA_WRITE
   45 00000042         
   46 00000042         
   47 00000042         ;0x3e, 0x41, 0x41, 0x41, 0x3e} // 4f O
   48 00000042         
   49 00000042 F04F 043E       MOV              R4, #0x3E
   50 00000046 F7FF FFFE       BL               DATA_WRITE
   51 0000004A F04F 0441       MOV              r4,#0x41
   52 0000004E F7FF FFFE       BL               DATA_WRITE



ARM Macro Assembler    Page 2 


   53 00000052 F04F 0441       MOV              R4, #0x41
   54 00000056 F7FF FFFE       BL               DATA_WRITE
   55 0000005A F04F 0441       MOV              R4, #0x41
   56 0000005E F7FF FFFE       BL               DATA_WRITE
   57 00000062 F04F 043E       MOV              R4, #0x3E
   58 00000066 F7FF FFFE       BL               DATA_WRITE
   59 0000006A         ;  ,{0x46, 0x49, 0x49, 0x49, 0x31} // 53 S
   60 0000006A F04F 0446       MOV              R4, #0x46
   61 0000006E F7FF FFFE       BL               DATA_WRITE
   62 00000072 F04F 0449       MOV              r4,#0x49
   63 00000076 F7FF FFFE       BL               DATA_WRITE
   64 0000007A F04F 0449       MOV              R4, #0x49
   65 0000007E F7FF FFFE       BL               DATA_WRITE
   66 00000082 F04F 0449       MOV              R4, #0x49
   67 00000086 F7FF FFFE       BL               DATA_WRITE
   68 0000008A F04F 0431       MOV              R4, #0x31
   69 0000008E F7FF FFFE       BL               DATA_WRITE
   70 00000092         ;  ,{0x7f, 0x49, 0x49, 0x49, 0x41} // 45 E
   71 00000092 F04F 047F       MOV              R4, #0x7F
   72 00000096 F7FF FFFE       BL               DATA_WRITE
   73 0000009A F04F 0449       MOV              r4,#0x49
   74 0000009E F7FF FFFE       BL               DATA_WRITE
   75 000000A2 F04F 0449       MOV              R4, #0x49
   76 000000A6 F7FF FFFE       BL               DATA_WRITE
   77 000000AA F04F 0449       MOV              R4, #0x49
   78 000000AE F7FF FFFE       BL               DATA_WRITE
   79 000000B2 F04F 0441       MOV              R4, #0x41
   80 000000B6 F7FF FFFE       BL               DATA_WRITE
   81 000000BA         ; ,{0x7f, 0x09, 0x19, 0x29, 0x46} // 52 R   
   82 000000BA F04F 047F       MOV              R4, #0x7F
   83 000000BE F7FF FFFE       BL               DATA_WRITE
   84 000000C2 F04F 0409       MOV              r4,#0x09
   85 000000C6 F7FF FFFE       BL               DATA_WRITE
   86 000000CA F04F 0419       MOV              R4, #0x19
   87 000000CE F7FF FFFE       BL               DATA_WRITE
   88 000000D2 F04F 0429       MOV              R4, #0x29
   89 000000D6 F7FF FFFE       BL               DATA_WRITE
   90 000000DA F04F 0446       MOV              R4, #0x46
   91 000000DE F7FF FFFE       BL               DATA_WRITE
   92 000000E2 F85D EB04       POP              {LR}
   93 000000E6 4770            BX               LR
   94 000000E8                 ENDP
   95 000000E8         ***********************
   96 000000E8         
   97 000000E8         ; THIS CODE WRITES PLAYER2'S TURN ON SCREEN
   98 000000E8         
   99 000000E8         *********************
  100 000000E8                 EXPORT           PLAYER2
  101 000000E8         
  102 000000E8         PLAYER2 PROC
  103 000000E8         
  104 000000E8 B500            PUSH             {LR}
  105 000000EA         
  106 000000EA F44F 7616       MOV              R6,#600
  107 000000EE F04F 0400 
                       loop1   MOV              R4,#0x00
  108 000000F2 F7FF FFFE       BL               DATA_WRITE
  109 000000F6 1E76            SUBS             R6,R6,#1
  110 000000F8 D1F9            BNE              loop1



ARM Macro Assembler    Page 3 


  111 000000FA         
  112 000000FA F240 2406       LDR              R4,=0x0206
  113 000000FE F7FF FFFE       BL               ADDRESS_CHANGE
  114 00000102         
  115 00000102         ;{0x7f, 0x09, 0x09, 0x09, 0x06} // 50 P
  116 00000102         
  117 00000102 F04F 047F       MOV              R4, #0x7F
  118 00000106 F7FF FFFE       BL               DATA_WRITE
  119 0000010A F04F 0409       MOV              r4,#0x09
  120 0000010E F7FF FFFE       BL               DATA_WRITE
  121 00000112 F04F 0409       MOV              R4, #0x09
  122 00000116 F7FF FFFE       BL               DATA_WRITE
  123 0000011A F04F 0409       MOV              R4, #0x09
  124 0000011E F7FF FFFE       BL               DATA_WRITE
  125 00000122 F04F 0406       MOV              R4, #0x06
  126 00000126 F7FF FFFE       BL               DATA_WRITE
  127 0000012A         
  128 0000012A         ;  ,{0x7f, 0x40, 0x40, 0x40, 0x40} // 4c L
  129 0000012A F04F 047F       MOV              R4, #0x7F
  130 0000012E F7FF FFFE       BL               DATA_WRITE
  131 00000132 F04F 0440       MOV              r4,#0x40
  132 00000136 F7FF FFFE       BL               DATA_WRITE
  133 0000013A F04F 0440       MOV              R4, #0x40
  134 0000013E F7FF FFFE       BL               DATA_WRITE
  135 00000142 F04F 0440       MOV              R4, #0x40
  136 00000146 F7FF FFFE       BL               DATA_WRITE
  137 0000014A F04F 0440       MOV              R4, #0x40
  138 0000014E F7FF FFFE       BL               DATA_WRITE
  139 00000152         ;{0x7e, 0x11, 0x11, 0x11, 0x7e} // 41 A
  140 00000152         
  141 00000152 F04F 047E       MOV              R4, #0x7E
  142 00000156 F7FF FFFE       BL               DATA_WRITE
  143 0000015A F04F 0411       MOV              r4,#0x11
  144 0000015E F7FF FFFE       BL               DATA_WRITE
  145 00000162 F04F 0411       MOV              R4, #0x11
  146 00000166 F7FF FFFE       BL               DATA_WRITE
  147 0000016A F04F 0411       MOV              R4, #0x11
  148 0000016E F7FF FFFE       BL               DATA_WRITE
  149 00000172 F04F 047E       MOV              R4, #0x7E
  150 00000176 F7FF FFFE       BL               DATA_WRITE
  151 0000017A         
  152 0000017A         ;{0x07, 0x08, 0x70, 0x08, 0x07} // 59 Y
  153 0000017A F04F 0407       MOV              R4, #0x07
  154 0000017E F7FF FFFE       BL               DATA_WRITE
  155 00000182 F04F 0408       MOV              r4,#0x08
  156 00000186 F7FF FFFE       BL               DATA_WRITE
  157 0000018A F04F 0470       MOV              R4, #0x70
  158 0000018E F7FF FFFE       BL               DATA_WRITE
  159 00000192 F04F 0408       MOV              R4, #0x08
  160 00000196 F7FF FFFE       BL               DATA_WRITE
  161 0000019A F04F 0407       MOV              R4, #0x07
  162 0000019E F7FF FFFE       BL               DATA_WRITE
  163 000001A2         
  164 000001A2         ;  ,{0x7f, 0x49, 0x49, 0x49, 0x41} // 45 E
  165 000001A2 F04F 047F       MOV              R4, #0x7F
  166 000001A6 F7FF FFFE       BL               DATA_WRITE
  167 000001AA F04F 0449       MOV              r4,#0x49
  168 000001AE F7FF FFFE       BL               DATA_WRITE
  169 000001B2 F04F 0449       MOV              R4, #0x49



ARM Macro Assembler    Page 4 


  170 000001B6 F7FF FFFE       BL               DATA_WRITE
  171 000001BA F04F 0449       MOV              R4, #0x49
  172 000001BE F7FF FFFE       BL               DATA_WRITE
  173 000001C2 F04F 0441       MOV              R4, #0x41
  174 000001C6 F7FF FFFE       BL               DATA_WRITE
  175 000001CA         ; ,{0x7f, 0x09, 0x19, 0x29, 0x46} // 52 R   
  176 000001CA F04F 047F       MOV              R4, #0x7F
  177 000001CE F7FF FFFE       BL               DATA_WRITE
  178 000001D2 F04F 0409       MOV              r4,#0x09
  179 000001D6 F7FF FFFE       BL               DATA_WRITE
  180 000001DA F04F 0419       MOV              R4, #0x19
  181 000001DE F7FF FFFE       BL               DATA_WRITE
  182 000001E2 F04F 0429       MOV              R4, #0x29
  183 000001E6 F7FF FFFE       BL               DATA_WRITE
  184 000001EA F04F 0446       MOV              R4, #0x46
  185 000001EE F7FF FFFE       BL               DATA_WRITE
  186 000001F2         
  187 000001F2         ;   ,{0x42, 0x61, 0x51, 0x49, 0x46} // 32 2
  188 000001F2 F04F 0442       MOV              R4, #0x42
  189 000001F6 F7FF FFFE       BL               DATA_WRITE
  190 000001FA F04F 0461       MOV              r4,#0x61
  191 000001FE F7FF FFFE       BL               DATA_WRITE
  192 00000202 F04F 0451       MOV              R4, #0x51
  193 00000206 F7FF FFFE       BL               DATA_WRITE
  194 0000020A F04F 0449       MOV              R4, #0x49
  195 0000020E F7FF FFFE       BL               DATA_WRITE
  196 00000212 F04F 0446       MOV              R4, #0x46
  197 00000216 F7FF FFFE       BL               DATA_WRITE
  198 0000021A         ;{0x00, 0x05, 0x03, 0x00, 0x00} // 27 '
  199 0000021A         
  200 0000021A F04F 0400       MOV              R4, #0x00
  201 0000021E F7FF FFFE       BL               DATA_WRITE
  202 00000222 F04F 0405       MOV              r4,#0x05
  203 00000226 F7FF FFFE       BL               DATA_WRITE
  204 0000022A F04F 0403       MOV              R4, #0x03
  205 0000022E F7FF FFFE       BL               DATA_WRITE
  206 00000232 F04F 0400       MOV              R4, #0x00
  207 00000236 F7FF FFFE       BL               DATA_WRITE
  208 0000023A F04F 0400       MOV              R4, #0x00
  209 0000023E F7FF FFFE       BL               DATA_WRITE
  210 00000242         ;  ,{0x46, 0x49, 0x49, 0x49, 0x31} // 53 S
  211 00000242 F04F 0446       MOV              R4, #0x46
  212 00000246 F7FF FFFE       BL               DATA_WRITE
  213 0000024A F04F 0449       MOV              r4,#0x49
  214 0000024E F7FF FFFE       BL               DATA_WRITE
  215 00000252 F04F 0449       MOV              R4, #0x49
  216 00000256 F7FF FFFE       BL               DATA_WRITE
  217 0000025A F04F 0449       MOV              R4, #0x49
  218 0000025E F7FF FFFE       BL               DATA_WRITE
  219 00000262 F04F 0431       MOV              R4, #0x31
  220 00000266 F7FF FFFE       BL               DATA_WRITE
  221 0000026A         ; SPACE
  222 0000026A F04F 0400       MOV              R4, #0x00
  223 0000026E F7FF FFFE       BL               DATA_WRITE
  224 00000272 F04F 0400       MOV              r4,#0x00
  225 00000276 F7FF FFFE       BL               DATA_WRITE
  226 0000027A F04F 0400       MOV              R4, #0x00
  227 0000027E F7FF FFFE       BL               DATA_WRITE
  228 00000282 F04F 0400       MOV              R4, #0x00



ARM Macro Assembler    Page 5 


  229 00000286 F7FF FFFE       BL               DATA_WRITE
  230 0000028A F04F 0400       MOV              R4, #0x00
  231 0000028E F7FF FFFE       BL               DATA_WRITE
  232 00000292         
  233 00000292         ;{0x01, 0x01, 0x7f, 0x01, 0x01} // 54 T
  234 00000292         
  235 00000292 F04F 0401       MOV              R4, #0x01
  236 00000296 F7FF FFFE       BL               DATA_WRITE
  237 0000029A F04F 0401       MOV              r4,#0x01
  238 0000029E F7FF FFFE       BL               DATA_WRITE
  239 000002A2 F04F 047F       MOV              R4, #0x7F
  240 000002A6 F7FF FFFE       BL               DATA_WRITE
  241 000002AA F04F 0401       MOV              R4, #0x01
  242 000002AE F7FF FFFE       BL               DATA_WRITE
  243 000002B2 F04F 0401       MOV              R4, #0x01
  244 000002B6 F7FF FFFE       BL               DATA_WRITE
  245 000002BA         
  246 000002BA         ;{0x3f, 0x40, 0x40, 0x40, 0x3f} // 55 U
  247 000002BA F04F 043F       MOV              R4, #0x3F
  248 000002BE F7FF FFFE       BL               DATA_WRITE
  249 000002C2 F04F 0440       MOV              r4,#0x40
  250 000002C6 F7FF FFFE       BL               DATA_WRITE
  251 000002CA F04F 0440       MOV              R4, #0x40
  252 000002CE F7FF FFFE       BL               DATA_WRITE
  253 000002D2 F04F 0440       MOV              R4, #0x40
  254 000002D6 F7FF FFFE       BL               DATA_WRITE
  255 000002DA F04F 043F       MOV              R4, #0x3F
  256 000002DE F7FF FFFE       BL               DATA_WRITE
  257 000002E2         
  258 000002E2         ; ,{0x7f, 0x09, 0x19, 0x29, 0x46} // 52 R   
  259 000002E2 F04F 047F       MOV              R4, #0x7F
  260 000002E6 F7FF FFFE       BL               DATA_WRITE
  261 000002EA F04F 0409       MOV              r4,#0x09
  262 000002EE F7FF FFFE       BL               DATA_WRITE
  263 000002F2 F04F 0419       MOV              R4, #0x19
  264 000002F6 F7FF FFFE       BL               DATA_WRITE
  265 000002FA F04F 0429       MOV              R4, #0x29
  266 000002FE F7FF FFFE       BL               DATA_WRITE
  267 00000302 F04F 0446       MOV              R4, #0x46
  268 00000306 F7FF FFFE       BL               DATA_WRITE
  269 0000030A         
  270 0000030A         ;   ,{0x7f, 0x04, 0x08, 0x10, 0x7f} // 4e N
  271 0000030A F04F 047F       MOV              R4, #0x7F
  272 0000030E F7FF FFFE       BL               DATA_WRITE
  273 00000312 F04F 0404       MOV              r4,#0x04
  274 00000316 F7FF FFFE       BL               DATA_WRITE
  275 0000031A F04F 0408       MOV              R4, #0x08
  276 0000031E F7FF FFFE       BL               DATA_WRITE
  277 00000322 F04F 0410       MOV              R4, #0x10
  278 00000326 F7FF FFFE       BL               DATA_WRITE
  279 0000032A F04F 047F       MOV              R4, #0x7F
  280 0000032E F7FF FFFE       BL               DATA_WRITE
  281 00000332         
  282 00000332         
  283 00000332 F85D EB04       POP              {LR}
  284 00000336                 ENDP
  285 00000336 00 00           ALIGN
  286 00000338                 END
Command Line: --debug --xref --diag_suppress=9931 --cpu=Cortex-M4.fp --apcs=int



ARM Macro Assembler    Page 6 


erwork --depend=.\objects\loser.d -o.\objects\loser.o -I.\RTE\_Target_1 -IC:\Ke
il_v5\ARM\PACK\Keil\TM4C_DFP\1.1.0\Device\Include\TM4C123 -IC:\Keil_v5\ARM\CMSI
S\Include --predefine="__EVAL SETA 1" --predefine="__UVISION_VERSION SETA 526" 
--predefine="TM4C123GH6PM SETA 1" --list=.\listings\loser.lst LOSER.s



ARM Macro Assembler    Page 1 Alphabetic symbol ordering
Relocatable symbols

LOSER 00000000

Symbol: LOSER
   Definitions
      At line 21 in file LOSER.s
   Uses
      At line 12 in file LOSER.s
Comment: LOSER used once
PLAYER2 000000E8

Symbol: PLAYER2
   Definitions
      At line 102 in file LOSER.s
   Uses
      At line 100 in file LOSER.s
Comment: PLAYER2 used once
loop 00000006

Symbol: loop
   Definitions
      At line 25 in file LOSER.s
   Uses
      At line 28 in file LOSER.s
Comment: loop used once
loop1 000000EE

Symbol: loop1
   Definitions
      At line 107 in file LOSER.s
   Uses
      At line 110 in file LOSER.s
Comment: loop1 used once
routines 00000000

Symbol: routines
   Definitions
      At line 5 in file LOSER.s
   Uses
      None
Comment: routines unused
5 symbols



ARM Macro Assembler    Page 1 Alphabetic symbol ordering
Absolute symbols

EMPTY_FIELD 20000400

Symbol: EMPTY_FIELD
   Definitions
      At line 3 in file LOSER.s
   Uses
      None
Comment: EMPTY_FIELD unused
OUT_PORTB_DC 40005008

Symbol: OUT_PORTB_DC
   Definitions
      At line 1 in file LOSER.s
   Uses
      None
Comment: OUT_PORTB_DC unused
2 symbols



ARM Macro Assembler    Page 1 Alphabetic symbol ordering
External symbols

ADDRESS_CHANGE 00000000

Symbol: ADDRESS_CHANGE
   Definitions
      At line 11 in file LOSER.s
   Uses
      At line 32 in file LOSER.s
      At line 113 in file LOSER.s

DATA_WRITE 00000000

Symbol: DATA_WRITE
   Definitions
      At line 10 in file LOSER.s
   Uses
      At line 26 in file LOSER.s
      At line 36 in file LOSER.s
      At line 38 in file LOSER.s
      At line 40 in file LOSER.s
      At line 42 in file LOSER.s
      At line 44 in file LOSER.s
      At line 50 in file LOSER.s
      At line 52 in file LOSER.s
      At line 54 in file LOSER.s
      At line 56 in file LOSER.s
      At line 58 in file LOSER.s
      At line 61 in file LOSER.s
      At line 63 in file LOSER.s
      At line 65 in file LOSER.s
      At line 67 in file LOSER.s
      At line 69 in file LOSER.s
      At line 72 in file LOSER.s
      At line 74 in file LOSER.s
      At line 76 in file LOSER.s
      At line 78 in file LOSER.s
      At line 80 in file LOSER.s
      At line 83 in file LOSER.s
      At line 85 in file LOSER.s
      At line 87 in file LOSER.s
      At line 89 in file LOSER.s
      At line 91 in file LOSER.s
      At line 108 in file LOSER.s
      At line 118 in file LOSER.s
      At line 120 in file LOSER.s
      At line 122 in file LOSER.s
      At line 124 in file LOSER.s
      At line 126 in file LOSER.s
      At line 130 in file LOSER.s
      At line 132 in file LOSER.s
      At line 134 in file LOSER.s
      At line 136 in file LOSER.s
      At line 138 in file LOSER.s
      At line 142 in file LOSER.s
      At line 144 in file LOSER.s
      At line 146 in file LOSER.s
      At line 148 in file LOSER.s
      At line 150 in file LOSER.s
      At line 154 in file LOSER.s
      At line 156 in file LOSER.s



ARM Macro Assembler    Page 2 Alphabetic symbol ordering
External symbols

      At line 158 in file LOSER.s
      At line 160 in file LOSER.s
      At line 162 in file LOSER.s
      At line 166 in file LOSER.s
      At line 168 in file LOSER.s
      At line 170 in file LOSER.s
      At line 172 in file LOSER.s
      At line 174 in file LOSER.s
      At line 177 in file LOSER.s
      At line 179 in file LOSER.s
      At line 181 in file LOSER.s
      At line 183 in file LOSER.s
      At line 185 in file LOSER.s
      At line 189 in file LOSER.s
      At line 191 in file LOSER.s
      At line 193 in file LOSER.s
      At line 195 in file LOSER.s
      At line 197 in file LOSER.s
      At line 201 in file LOSER.s
      At line 203 in file LOSER.s
      At line 205 in file LOSER.s
      At line 207 in file LOSER.s
      At line 209 in file LOSER.s
      At line 212 in file LOSER.s
      At line 214 in file LOSER.s
      At line 216 in file LOSER.s
      At line 218 in file LOSER.s
      At line 220 in file LOSER.s
      At line 223 in file LOSER.s
      At line 225 in file LOSER.s
      At line 227 in file LOSER.s
      At line 229 in file LOSER.s
      At line 231 in file LOSER.s
      At line 236 in file LOSER.s
      At line 238 in file LOSER.s
      At line 240 in file LOSER.s
      At line 242 in file LOSER.s
      At line 244 in file LOSER.s
      At line 248 in file LOSER.s
      At line 250 in file LOSER.s
      At line 252 in file LOSER.s
      At line 254 in file LOSER.s
      At line 256 in file LOSER.s
      At line 260 in file LOSER.s
      At line 262 in file LOSER.s
      At line 264 in file LOSER.s
      At line 266 in file LOSER.s
      At line 268 in file LOSER.s
      At line 272 in file LOSER.s
      At line 274 in file LOSER.s
      At line 276 in file LOSER.s
      At line 278 in file LOSER.s
      At line 280 in file LOSER.s

DELAY_100ms 00000000

Symbol: DELAY_100ms
   Definitions
      At line 9 in file LOSER.s



ARM Macro Assembler    Page 3 Alphabetic symbol ordering
External symbols

   Uses
      None
Comment: DELAY_100ms unused
DELAY_1ms 00000000

Symbol: DELAY_1ms
   Definitions
      At line 8 in file LOSER.s
   Uses
      None
Comment: DELAY_1ms unused
4 symbols
345 symbols in table
