Component: ARM Compiler 5.06 update 6 (build 750) Tool: armlink [4d35ed]

==============================================================================

Section Cross References

    main.o(main) refers to emptyplayfield.o(routines) for EMP_FIELD
    main.o(main) refers to spi_config.o(routines) for SPI_CONFIG
    main.o(main) refers to screen_init.o(routines) for SCREEN_INIT
    main.o(main) refers to systick_timer.o(routines) for INIT_SYSTICK
    startup.o(STACK) refers (Special) to heapauxi.o(.text) for __use_two_region_memory
    startup.o(HEAP) refers (Special) to heapauxi.o(.text) for __use_two_region_memory
    startup.o(RESET) refers (Special) to heapauxi.o(.text) for __use_two_region_memory
    startup.o(RESET) refers to startup.o(STACK) for StackMem
    startup.o(RESET) refers to main.o(main) for __main
    startup.o(RESET) refers to systick_timer.o(routines) for My_SYSTICK
    startup.o(.text) refers (Special) to heapauxi.o(.text) for __use_two_region_memory
    startup.o(.text) refers to startup.o(HEAP) for HeapMem
    startup.o(.text) refers to startup.o(STACK) for StackMem
    screen_init.o(routines) refers to delay_100ms.o(routines) for DELAY_100ms
    irem_co.o(routines) refers to delay_100ms.o(routines) for DELAY_100ms
    data_write.o(routines) refers to delay_1ms.o(routines) for DELAY_1ms
    address_change.o(routines) refers to delay_100ms.o(routines) for DELAY_100ms
    systick_timer.o(routines) refers to address_change.o(routines) for ADDRESS_CHANGE
    systick_timer.o(routines) refers to delay_1ms.o(routines) for DELAY_1ms
    systick_timer.o(routines) refers to data_write.o(routines) for DATA_WRITE


==============================================================================

Removing Unused input sections from the image.

    Removing main.o(sdata), (0 bytes).
    Removing emptyplayfield.o(sdata), (0 bytes).
    Removing startup.o(HEAP), (0 bytes).
    Removing startup.o(.text), (48 bytes).
    Removing spi_config.o(sdata), (0 bytes).
    Removing screen_init.o(sdata), (0 bytes).
    Removing irem_co.o(sdata), (0 bytes).
    Removing irem_co.o(routines), (324 bytes).
    Removing data_write.o(sdata), (0 bytes).
    Removing address_change.o(sdata), (0 bytes).

10 unused section(s) (total 372 bytes) removed from the image.

==============================================================================

Image Symbol Table

    Local Symbols

    Symbol Name                              Value     Ov Type        Size  Object(Section)

    RESET                                    0x00000000   Section      648  startup.o(RESET)
    ../clib/heapaux.c                        0x00000000   Number         0  heapauxi.o ABSOLUTE
    ADDRESS_CHANGE.s                         0x00000000   Number         0  address_change.o ABSOLUTE
    DELAY_100ms.s                            0x00000000   Number         0  delay_100ms.o ABSOLUTE
    DELAY_1ms.s                              0x00000000   Number         0  delay_1ms.o ABSOLUTE
    Data_write.s                             0x00000000   Number         0  data_write.o ABSOLUTE
    EmptyPlayfield.s                         0x00000000   Number         0  emptyplayfield.o ABSOLUTE
    IREM_CO.s                                0x00000000   Number         0  irem_co.o ABSOLUTE
    Main.s                                   0x00000000   Number         0  main.o ABSOLUTE
    SCREEN_INIT.s                            0x00000000   Number         0  screen_init.o ABSOLUTE
    SPI_config.s                             0x00000000   Number         0  spi_config.o ABSOLUTE
    Startup.s                                0x00000000   Number         0  startup.o ABSOLUTE
    SysTick_Timer.s                          0x00000000   Number         0  systick_timer.o ABSOLUTE
    dc.s                                     0x00000000   Number         0  dc.o ABSOLUTE
    $v0                                      0x0000026c   Number         0  startup.o(RESET)
    .text                                    0x00000288   Section        0  heapauxi.o(.text)
    main                                     0x00000290   Section       24  main.o(main)
    $v0                                      0x00000290   Number         0  main.o(main)
    routines                                 0x000002a8   Section      144  emptyplayfield.o(routines)
    $v0                                      0x000002a8   Number         0  emptyplayfield.o(routines)
    routines                                 0x00000338   Section      200  spi_config.o(routines)
    $v0                                      0x00000338   Number         0  spi_config.o(routines)
    routines                                 0x00000400   Section      180  screen_init.o(routines)
    $v0                                      0x00000400   Number         0  screen_init.o(routines)
    routines                                 0x000004b4   Section       28  delay_100ms.o(routines)
    $v0                                      0x000004b4   Number         0  delay_100ms.o(routines)
    routines                                 0x000004d0   Section       40  data_write.o(routines)
    $v0                                      0x000004d0   Number         0  data_write.o(routines)
    routines                                 0x000004f8   Section       80  address_change.o(routines)
    $v0                                      0x000004f8   Number         0  address_change.o(routines)
    routines                                 0x00000548   Section       24  delay_1ms.o(routines)
    $v0                                      0x00000548   Number         0  delay_1ms.o(routines)
    routines                                 0x00000560   Section      620  systick_timer.o(routines)
    $v0                                      0x00000560   Number         0  systick_timer.o(routines)
    STACK                                    0x20000000   Section     1024  startup.o(STACK)
    StackMem                                 0x20000000   Data           0  startup.o(STACK)

    Global Symbols

    Symbol Name                              Value     Ov Type        Size  Object(Section)

    BuildAttributes$$THM_ISAv4$E$P$D$K$B$S$7EM$VFPi3$EXTD16$VFPS$VFMA$PE$A:L22UL41UL21$X:L11$S22US41US21$IEEE1$IW$USESV6$~STKCKD$USESV7$~SHL$OSPACE$ROPI$EBA8$STANDARDLIB$REQ8$EABIv2 0x00000000   Number         0  anon$$obj.o ABSOLUTE
    __Vectors                                0x00000000   Data           0  startup.o(RESET)
    Reset_Handler                            0x0000026d   Thumb Code     0  startup.o(RESET)
    NMI_Handler                              0x00000271   Thumb Code     2  startup.o(RESET)
    HardFault_Handler                        0x00000273   Thumb Code     2  startup.o(RESET)
    MemManage_Handler                        0x00000275   Thumb Code     2  startup.o(RESET)
    BusFault_Handler                         0x00000277   Thumb Code     2  startup.o(RESET)
    UsageFault_Handler                       0x00000279   Thumb Code     2  startup.o(RESET)
    SVC_Handler                              0x0000027b   Thumb Code     2  startup.o(RESET)
    DebugMon_Handler                         0x0000027d   Thumb Code     2  startup.o(RESET)
    PendSV_Handler                           0x0000027f   Thumb Code     2  startup.o(RESET)
    SysTick_Handler                          0x00000281   Thumb Code     4  startup.o(RESET)
    ADC0Seq0_Handler                         0x00000285   Thumb Code     0  startup.o(RESET)
    ADC0Seq1_Handler                         0x00000285   Thumb Code     0  startup.o(RESET)
    ADC0Seq2_Handler                         0x00000285   Thumb Code     0  startup.o(RESET)
    ADC0Seq3_Handler                         0x00000285   Thumb Code     0  startup.o(RESET)
    ADC1Seq0_Handler                         0x00000285   Thumb Code     0  startup.o(RESET)
    ADC1Seq1_Handler                         0x00000285   Thumb Code     0  startup.o(RESET)
    ADC1Seq2_Handler                         0x00000285   Thumb Code     0  startup.o(RESET)
    ADC1Seq3_Handler                         0x00000285   Thumb Code     0  startup.o(RESET)
    CAN0_Handler                             0x00000285   Thumb Code     0  startup.o(RESET)
    CAN1_Handler                             0x00000285   Thumb Code     0  startup.o(RESET)
    CAN2_Handler                             0x00000285   Thumb Code     0  startup.o(RESET)
    Comp0_Handler                            0x00000285   Thumb Code     0  startup.o(RESET)
    Comp1_Handler                            0x00000285   Thumb Code     0  startup.o(RESET)
    Comp2_Handler                            0x00000285   Thumb Code     0  startup.o(RESET)
    Ethernet_Handler                         0x00000285   Thumb Code     0  startup.o(RESET)
    ExtBus_Handler                           0x00000285   Thumb Code     0  startup.o(RESET)
    FPU_Handler                              0x00000285   Thumb Code     0  startup.o(RESET)
    Fan0_Handler                             0x00000285   Thumb Code     0  startup.o(RESET)
    FlashCtl_Handler                         0x00000285   Thumb Code     0  startup.o(RESET)
    GPIOPortA_Handler                        0x00000285   Thumb Code     0  startup.o(RESET)
    GPIOPortB_Handler                        0x00000285   Thumb Code     0  startup.o(RESET)
    GPIOPortC_Handler                        0x00000285   Thumb Code     0  startup.o(RESET)
    GPIOPortD_Handler                        0x00000285   Thumb Code     0  startup.o(RESET)
    GPIOPortE_Handler                        0x00000285   Thumb Code     0  startup.o(RESET)
    GPIOPortF_Handler                        0x00000285   Thumb Code     0  startup.o(RESET)
    GPIOPortG_Handler                        0x00000285   Thumb Code     0  startup.o(RESET)
    GPIOPortH_Handler                        0x00000285   Thumb Code     0  startup.o(RESET)
    GPIOPortJ_Handler                        0x00000285   Thumb Code     0  startup.o(RESET)
    GPIOPortK_Handler                        0x00000285   Thumb Code     0  startup.o(RESET)
    GPIOPortL_Handler                        0x00000285   Thumb Code     0  startup.o(RESET)
    GPIOPortM_Handler                        0x00000285   Thumb Code     0  startup.o(RESET)
    GPIOPortN_Handler                        0x00000285   Thumb Code     0  startup.o(RESET)
    GPIOPortP1_Handler                       0x00000285   Thumb Code     0  startup.o(RESET)
    GPIOPortP2_Handler                       0x00000285   Thumb Code     0  startup.o(RESET)
    GPIOPortP3_Handler                       0x00000285   Thumb Code     0  startup.o(RESET)
    GPIOPortP4_Handler                       0x00000285   Thumb Code     0  startup.o(RESET)
    GPIOPortP5_Handler                       0x00000285   Thumb Code     0  startup.o(RESET)
    GPIOPortP6_Handler                       0x00000285   Thumb Code     0  startup.o(RESET)
    GPIOPortP7_Handler                       0x00000285   Thumb Code     0  startup.o(RESET)
    GPIOPortP_Handler                        0x00000285   Thumb Code     0  startup.o(RESET)
    GPIOPortQ1_Handler                       0x00000285   Thumb Code     0  startup.o(RESET)
    GPIOPortQ2_Handler                       0x00000285   Thumb Code     0  startup.o(RESET)
    GPIOPortQ3_Handler                       0x00000285   Thumb Code     0  startup.o(RESET)
    GPIOPortQ4_Handler                       0x00000285   Thumb Code     0  startup.o(RESET)
    GPIOPortQ5_Handler                       0x00000285   Thumb Code     0  startup.o(RESET)
    GPIOPortQ6_Handler                       0x00000285   Thumb Code     0  startup.o(RESET)
    GPIOPortQ7_Handler                       0x00000285   Thumb Code     0  startup.o(RESET)
    GPIOPortQ_Handler                        0x00000285   Thumb Code     0  startup.o(RESET)
    GPIOPortR_Handler                        0x00000285   Thumb Code     0  startup.o(RESET)
    GPIOPortS_Handler                        0x00000285   Thumb Code     0  startup.o(RESET)
    Hibernate_Handler                        0x00000285   Thumb Code     0  startup.o(RESET)
    I2C0_Handler                             0x00000285   Thumb Code     0  startup.o(RESET)
    I2C1_Handler                             0x00000285   Thumb Code     0  startup.o(RESET)
    I2C2_Handler                             0x00000285   Thumb Code     0  startup.o(RESET)
    I2C3_Handler                             0x00000285   Thumb Code     0  startup.o(RESET)
    I2C4_Handler                             0x00000285   Thumb Code     0  startup.o(RESET)
    I2C5_Handler                             0x00000285   Thumb Code     0  startup.o(RESET)
    I2S0_Handler                             0x00000285   Thumb Code     0  startup.o(RESET)
    LPC0_Handler                             0x00000285   Thumb Code     0  startup.o(RESET)
    PECI0_Handler                            0x00000285   Thumb Code     0  startup.o(RESET)
    PWM0Fault_Handler                        0x00000285   Thumb Code     0  startup.o(RESET)
    PWM0Generator0_Handler                   0x00000285   Thumb Code     0  startup.o(RESET)
    PWM0Generator1_Handler                   0x00000285   Thumb Code     0  startup.o(RESET)
    PWM0Generator2_Handler                   0x00000285   Thumb Code     0  startup.o(RESET)
    PWM0Generator3_Handler                   0x00000285   Thumb Code     0  startup.o(RESET)
    PWM1Fault_Handler                        0x00000285   Thumb Code     0  startup.o(RESET)
    PWM1Generator0_Handler                   0x00000285   Thumb Code     0  startup.o(RESET)
    PWM1Generator1_Handler                   0x00000285   Thumb Code     0  startup.o(RESET)
    PWM1Generator2_Handler                   0x00000285   Thumb Code     0  startup.o(RESET)
    PWM1Generator3_Handler                   0x00000285   Thumb Code     0  startup.o(RESET)
    Quadrature0_Handler                      0x00000285   Thumb Code     0  startup.o(RESET)
    Quadrature1_Handler                      0x00000285   Thumb Code     0  startup.o(RESET)
    Quadrature2_Handler                      0x00000285   Thumb Code     0  startup.o(RESET)
    SSI0_Handler                             0x00000285   Thumb Code     0  startup.o(RESET)
    SSI1_Handler                             0x00000285   Thumb Code     0  startup.o(RESET)
    SSI2_Handler                             0x00000285   Thumb Code     0  startup.o(RESET)
    SSI3_Handler                             0x00000285   Thumb Code     0  startup.o(RESET)
    SysCtl_Handler                           0x00000285   Thumb Code     0  startup.o(RESET)
    Timer0A_Handler                          0x00000285   Thumb Code     0  startup.o(RESET)
    Timer0B_Handler                          0x00000285   Thumb Code     0  startup.o(RESET)
    Timer1A_Handler                          0x00000285   Thumb Code     0  startup.o(RESET)
    Timer1B_Handler                          0x00000285   Thumb Code     0  startup.o(RESET)
    Timer2A_Handler                          0x00000285   Thumb Code     0  startup.o(RESET)
    Timer2B_Handler                          0x00000285   Thumb Code     0  startup.o(RESET)
    Timer3A_Handler                          0x00000285   Thumb Code     0  startup.o(RESET)
    Timer3B_Handler                          0x00000285   Thumb Code     0  startup.o(RESET)
    Timer4A_Handler                          0x00000285   Thumb Code     0  startup.o(RESET)
    Timer4B_Handler                          0x00000285   Thumb Code     0  startup.o(RESET)
    Timer5A_Handler                          0x00000285   Thumb Code     0  startup.o(RESET)
    Timer5B_Handler                          0x00000285   Thumb Code     0  startup.o(RESET)
    UART0_Handler                            0x00000285   Thumb Code     0  startup.o(RESET)
    UART1_Handler                            0x00000285   Thumb Code     0  startup.o(RESET)
    UART2_Handler                            0x00000285   Thumb Code     0  startup.o(RESET)
    UART3_Handler                            0x00000285   Thumb Code     0  startup.o(RESET)
    UART4_Handler                            0x00000285   Thumb Code     0  startup.o(RESET)
    UART5_Handler                            0x00000285   Thumb Code     0  startup.o(RESET)
    UART6_Handler                            0x00000285   Thumb Code     0  startup.o(RESET)
    UART7_Handler                            0x00000285   Thumb Code     0  startup.o(RESET)
    USB0_Handler                             0x00000285   Thumb Code     0  startup.o(RESET)
    WDT_Handler                              0x00000285   Thumb Code     0  startup.o(RESET)
    WideTimer0A_Handler                      0x00000285   Thumb Code     0  startup.o(RESET)
    WideTimer0B_Handler                      0x00000285   Thumb Code     0  startup.o(RESET)
    WideTimer1A_Handler                      0x00000285   Thumb Code     0  startup.o(RESET)
    WideTimer1B_Handler                      0x00000285   Thumb Code     0  startup.o(RESET)
    WideTimer2A_Handler                      0x00000285   Thumb Code     0  startup.o(RESET)
    WideTimer2B_Handler                      0x00000285   Thumb Code     0  startup.o(RESET)
    WideTimer3A_Handler                      0x00000285   Thumb Code     0  startup.o(RESET)
    WideTimer3B_Handler                      0x00000285   Thumb Code     0  startup.o(RESET)
    WideTimer4A_Handler                      0x00000285   Thumb Code     0  startup.o(RESET)
    WideTimer4B_Handler                      0x00000285   Thumb Code     0  startup.o(RESET)
    WideTimer5A_Handler                      0x00000285   Thumb Code     0  startup.o(RESET)
    WideTimer5B_Handler                      0x00000285   Thumb Code     0  startup.o(RESET)
    uDMA_Error                               0x00000285   Thumb Code     0  startup.o(RESET)
    uDMA_Handler                             0x00000285   Thumb Code     0  startup.o(RESET)
    __use_two_region_memory                  0x00000289   Thumb Code     2  heapauxi.o(.text)
    __rt_heap_escrow$2region                 0x0000028b   Thumb Code     2  heapauxi.o(.text)
    __rt_heap_expand$2region                 0x0000028d   Thumb Code     2  heapauxi.o(.text)
    __main                                   0x00000291   Thumb Code    20  main.o(main)
    EMP_FIELD                                0x000002a9   Thumb Code   142  emptyplayfield.o(routines)
    SPI_CONFIG                               0x00000339   Thumb Code   150  spi_config.o(routines)
    SCREEN_INIT                              0x00000401   Thumb Code   150  screen_init.o(routines)
    DELAY_100ms                              0x000004b5   Thumb Code     0  delay_100ms.o(routines)
    DATA_WRITE                               0x000004d1   Thumb Code    30  data_write.o(routines)
    ADDRESS_CHANGE                           0x000004f9   Thumb Code    68  address_change.o(routines)
    DELAY_1ms                                0x00000549   Thumb Code     0  delay_1ms.o(routines)
    INIT_SYSTICK                             0x00000561   Thumb Code    28  systick_timer.o(routines)
    My_SYSTICK                               0x0000057d   Thumb Code   570  systick_timer.o(routines)



==============================================================================

Memory Map of the image

  Image Entry point : 0x0000026d

  Load Region LR_1 (Base: 0x00000000, Size: 0x00000bcc, Max: 0xffffffff, ABSOLUTE)

    Execution Region ER_RO (Exec base: 0x00000000, Load base: 0x00000000, Size: 0x000007cc, Max: 0xffffffff, ABSOLUTE)

    Exec Addr    Load Addr    Size         Type   Attr      Idx    E Section Name        Object

    0x00000000   0x00000000   0x00000288   Code   RO           15  * RESET               startup.o
    0x00000288   0x00000288   0x00000006   Code   RO           59    .text               c_w.l(heapauxi.o)
    0x0000028e   0x0000028e   0x00000002   PAD
    0x00000290   0x00000290   0x00000018   Code   RO            2    main                main.o
    0x000002a8   0x000002a8   0x00000090   Code   RO            9    routines            emptyplayfield.o
    0x00000338   0x00000338   0x000000c8   Code   RO           23    routines            spi_config.o
    0x00000400   0x00000400   0x000000b4   Code   RO           28    routines            screen_init.o
    0x000004b4   0x000004b4   0x0000001c   Code   RO           32    routines            delay_100ms.o
    0x000004d0   0x000004d0   0x00000028   Code   RO           41    routines            data_write.o
    0x000004f8   0x000004f8   0x00000050   Code   RO           46    routines            address_change.o
    0x00000548   0x00000548   0x00000018   Code   RO           50    routines            delay_1ms.o
    0x00000560   0x00000560   0x0000026c   Code   RO           53    routines            systick_timer.o


    Execution Region ER_RW (Exec base: 0x20000000, Load base: 0x000007cc, Size: 0x00000400, Max: 0xffffffff, ABSOLUTE)

    Exec Addr    Load Addr    Size         Type   Attr      Idx    E Section Name        Object

    0x20000000   0x000007cc   0x00000400   Data   RW           13    STACK               startup.o


    Execution Region ER_ZI (Exec base: 0x20000400, Load base: 0x00000bcc, Size: 0x00000000, Max: 0xffffffff, ABSOLUTE)

    **** No section assigned to this execution region ****


==============================================================================

Image component sizes


      Code (inc. data)   RO Data    RW Data    ZI Data      Debug   Object Name

        80         12          0          0          0        432   address_change.o
        40         10          0          0          0        408   data_write.o
        28          6          0          0          0        272   delay_100ms.o
        24          0          0          0          0        272   delay_1ms.o
       144          2          0          0          0        452   emptyplayfield.o
        24          4          0          0          0        424   main.o
       180         30          0          0          0        460   screen_init.o
       200         50          0          0          0        456   spi_config.o
       648        622          0       1024          0        788   startup.o
       620         22          0          0          0        612   systick_timer.o

    ----------------------------------------------------------------------
      1988        758          0       1024          0       4576   Object Totals
         0          0          0          0          0          0   (incl. Generated)
         0          0          0          0          0          0   (incl. Padding)

    ----------------------------------------------------------------------

      Code (inc. data)   RO Data    RW Data    ZI Data      Debug   Library Member Name

         6          0          0          0          0        152   heapauxi.o

    ----------------------------------------------------------------------
         8          0          0          0          0        152   Library Totals
         2          0          0          0          0          0   (incl. Padding)

    ----------------------------------------------------------------------

      Code (inc. data)   RO Data    RW Data    ZI Data      Debug   Library Name

         6          0          0          0          0        152   c_w.l

    ----------------------------------------------------------------------
         8          0          0          0          0        152   Library Totals

    ----------------------------------------------------------------------

==============================================================================


      Code (inc. data)   RO Data    RW Data    ZI Data      Debug   

      1996        758          0       1024          0       4028   Grand Totals
      1996        758          0       1024          0       4028   ELF Image Totals
      1996        758          0       1024          0          0   ROM Totals

==============================================================================

    Total RO  Size (Code + RO Data)                 1996 (   1.95kB)
    Total RW  Size (RW Data + ZI Data)              1024 (   1.00kB)
    Total ROM Size (Code + RO Data + RW Data)       3020 (   2.95kB)

==============================================================================

