Component: ARM Compiler 5.06 update 6 (build 750) Tool: armlink [4d35ed]

==============================================================================

Section Cross References

    main.o(main) refers to emptyplayfield.o(routines) for EMP_FIELD
    main.o(main) refers to spi_config.o(routines) for SPI_CONFIG
    main.o(main) refers to screen_init.o(routines) for SCREEN_INIT
    main.o(main) refers to data_write.o(routines) for DATA_WRITE
    main.o(main) refers to adc_init.o(routines) for ADC_INIT
    main.o(main) refers to pushbutton.o(routines) for PORTF_INIT
    startup.o(STACK) refers (Special) to heapauxi.o(.text) for __use_two_region_memory
    startup.o(HEAP) refers (Special) to heapauxi.o(.text) for __use_two_region_memory
    startup.o(RESET) refers (Special) to heapauxi.o(.text) for __use_two_region_memory
    startup.o(RESET) refers to startup.o(STACK) for StackMem
    startup.o(RESET) refers to main.o(main) for __main
    startup.o(RESET) refers to systick_timer.o(routines) for My_SYSTICK
    startup.o(RESET) refers to winner.o(routines) for WINNER
    startup.o(.text) refers (Special) to heapauxi.o(.text) for __use_two_region_memory
    startup.o(.text) refers to startup.o(HEAP) for HeapMem
    startup.o(.text) refers to startup.o(STACK) for StackMem
    screen_init.o(routines) refers to delay_100ms.o(routines) for DELAY_100ms
    data_write.o(routines) refers to delay_1ms.o(routines) for DELAY_1ms
    address_change.o(routines) refers to delay_100ms.o(routines) for DELAY_100ms
    systick_timer.o(routines) refers to address_change.o(routines) for ADDRESS_CHANGE
    systick_timer.o(routines) refers to data_write.o(routines) for DATA_WRITE
    winner.o(routines) refers to data_write.o(routines) for DATA_WRITE
    winner.o(routines) refers to address_change.o(routines) for ADDRESS_CHANGE
    loser.o(routines) refers to data_write.o(routines) for DATA_WRITE
    loser.o(routines) refers to address_change.o(routines) for ADDRESS_CHANGE
    pushbutton.o(routines) refers to adc_init.o(routines) for ADC_READ_SHIP
    pushbutton.o(routines) refers to loser.o(routines) for PLAYER2
    winorlose.o(routines) refers to loser.o(routines) for LOSER
    winorlose.o(routines) refers to winner.o(routines) for WINNER


==============================================================================

Removing Unused input sections from the image.

    Removing main.o(sdata), (0 bytes).
    Removing emptyplayfield.o(sdata), (0 bytes).
    Removing startup.o(HEAP), (0 bytes).
    Removing startup.o(.text), (48 bytes).
    Removing spi_config.o(sdata), (0 bytes).
    Removing screen_init.o(sdata), (0 bytes).
    Removing data_write.o(sdata), (0 bytes).
    Removing address_change.o(sdata), (0 bytes).
    Removing winorlose.o(routines), (164 bytes).

9 unused section(s) (total 212 bytes) removed from the image.
