Component: ARM Compiler 5.06 update 6 (build 750) Tool: armlink [4d35ed]

==============================================================================

Section Cross References

    main.o(main) refers to memory_map.o(routines) for MEMORY_MAP
    main.o(main) refers to spi_config.o(routines) for SPI_CONFIG
    main.o(main) refers to screen_init.o(routines) for SCREEN_INIT
    main.o(main) refers to adc_init.o(routines) for ADC_INIT
    main.o(main) refers to pushbutton.o(routines) for PORTF_INIT
    main.o(main) refers to address_change.o(routines) for ADDRESS_CHANGE
    main.o(main) refers to data_write.o(routines) for DATA_WRITE
    main.o(main) refers to systick_timer.o(routines) for INIT_SYSTICK
    main.o(main) refers to player2_pushbutton.o(routines) for PLAYER2_PUSHBUTTON
    startup.o(STACK) refers (Special) to heapauxi.o(.text) for __use_two_region_memory
    startup.o(HEAP) refers (Special) to heapauxi.o(.text) for __use_two_region_memory
    startup.o(RESET) refers (Special) to heapauxi.o(.text) for __use_two_region_memory
    startup.o(RESET) refers to startup.o(STACK) for StackMem
    startup.o(RESET) refers to main.o(main) for __main
    startup.o(RESET) refers to systick_timer.o(routines) for My_SYSTICK
    startup.o(RESET) refers to winner.o(routines) for WINNER
    startup.o(.text) refers (Special) to heapauxi.o(.text) for __use_two_region_memory
    startup.o(.text) refers to startup.o(HEAP) for HeapMem
    startup.o(.text) refers to startup.o(STACK) for StackMem
    screen_init.o(routines) refers to delay_100ms.o(routines) for DELAY_100ms
    data_write.o(routines) refers to delay_1ms.o(routines) for DELAY_1ms
    address_change.o(routines) refers to delay_10ms.o(routines) for DELAY_10ms
    systick_timer.o(routines) refers to winorlose.o(routines) for WINORLOSE
    systick_timer.o(routines) refers to address_change.o(routines) for ADDRESS_CHANGE
    systick_timer.o(routines) refers to data_write.o(routines) for DATA_WRITE
    winner.o(routines) refers to data_write.o(routines) for DATA_WRITE
    winner.o(routines) refers to address_change.o(routines) for ADDRESS_CHANGE
    loser.o(routines) refers to data_write.o(routines) for DATA_WRITE
    loser.o(routines) refers to address_change.o(routines) for ADDRESS_CHANGE
    pushbutton.o(routines) refers to adc_init.o(routines) for ADC_READ_SHIP
    pushbutton.o(routines) refers to ship_cursor.o(routines) for SHIP_CURSOR
    pushbutton.o(routines) refers to loser.o(routines) for PLAYER2
    pushbutton.o(routines) refers to address_change.o(routines) for ADDRESS_CHANGE
    pushbutton.o(routines) refers to data_write.o(routines) for DATA_WRITE
    winorlose.o(routines) refers to loser.o(routines) for LOSER
    winorlose.o(routines) refers to winner.o(routines) for WINNER
    ship_cursor.o(routines) refers to address_change.o(routines) for ADDRESS_CHANGE
    ship_cursor.o(routines) refers to data_write.o(routines) for DATA_WRITE
    memory_map.o(routines) refers to emptyplayfield.o(routines) for EMP_FIELD
    player2_pushbutton.o(routines) refers to adc_init.o(routines) for ADC_READ_CURSOR
    player2_pushbutton.o(routines) refers to pushbutton.o(routines) for PortF_Input
    player2_pushbutton.o(routines) refers to mine_cursor.o(routines) for MINE_CURSOR
    player2_pushbutton.o(routines) refers to winorlose.o(routines) for WINORLOSE
    mine_cursor.o(routines) refers to address_change.o(routines) for ADDRESS_CHANGE
    mine_cursor.o(routines) refers to data_write.o(routines) for DATA_WRITE


==============================================================================

Removing Unused input sections from the image.

    Removing main.o(sdata), (0 bytes).
    Removing emptyplayfield.o(sdata), (0 bytes).
    Removing startup.o(HEAP), (0 bytes).
    Removing startup.o(.text), (48 bytes).
    Removing spi_config.o(sdata), (0 bytes).
    Removing screen_init.o(sdata), (0 bytes).
    Removing data_write.o(sdata), (0 bytes).
    Removing address_change.o(sdata), (0 bytes).
    Removing ship_cursor.o(sdata), (0 bytes).
    Removing memory_map.o(sdata), (0 bytes).
    Removing delay_1sec.o(routines), (28 bytes).
    Removing mine_cursor.o(sdata), (0 bytes).

12 unused section(s) (total 76 bytes) removed from the image.

==============================================================================

Image Symbol Table

    Local Symbols

    Symbol Name                              Value     Ov Type        Size  Object(Section)

    RESET                                    0x00000000   Section      664  startup.o(RESET)
    ../clib/heapaux.c                        0x00000000   Number         0  heapauxi.o ABSOLUTE
    ADC_INIT.s                               0x00000000   Number         0  adc_init.o ABSOLUTE
    ADDRESS_CHANGE.s                         0x00000000   Number         0  address_change.o ABSOLUTE
    DELAY_100ms.s                            0x00000000   Number         0  delay_100ms.o ABSOLUTE
    DELAY_10ms.s                             0x00000000   Number         0  delay_10ms.o ABSOLUTE
    DELAY_1ms.s                              0x00000000   Number         0  delay_1ms.o ABSOLUTE
    DELAY_1sec.s                             0x00000000   Number         0  delay_1sec.o ABSOLUTE
    Data_write.s                             0x00000000   Number         0  data_write.o ABSOLUTE
    EmptyPlayfield.s                         0x00000000   Number         0  emptyplayfield.o ABSOLUTE
    LOSER.s                                  0x00000000   Number         0  loser.o ABSOLUTE
    MEMORY_MAP.s                             0x00000000   Number         0  memory_map.o ABSOLUTE
    MINE_CURSOR.s                            0x00000000   Number         0  mine_cursor.o ABSOLUTE
    Main.s                                   0x00000000   Number         0  main.o ABSOLUTE
    PLAYER2_PUSHBUTTON.s                     0x00000000   Number         0  player2_pushbutton.o ABSOLUTE
    PUSHBUTTON.s                             0x00000000   Number         0  pushbutton.o ABSOLUTE
    SCREEN_INIT.s                            0x00000000   Number         0  screen_init.o ABSOLUTE
    SHIP_CURSOR.s                            0x00000000   Number         0  ship_cursor.o ABSOLUTE
    SPI_config.s                             0x00000000   Number         0  spi_config.o ABSOLUTE
    Startup.s                                0x00000000   Number         0  startup.o ABSOLUTE
    SysTick_Timer.s                          0x00000000   Number         0  systick_timer.o ABSOLUTE
    WINORLOSE.s                              0x00000000   Number         0  winorlose.o ABSOLUTE
    dc.s                                     0x00000000   Number         0  dc.o ABSOLUTE
    winner.s                                 0x00000000   Number         0  winner.o ABSOLUTE
    $v0                                      0x0000026c   Number         0  startup.o(RESET)
    .text                                    0x00000298   Section        0  heapauxi.o(.text)
    main                                     0x000002a0   Section       92  main.o(main)
    $v0                                      0x000002a0   Number         0  main.o(main)
    routines                                 0x000002fc   Section      144  emptyplayfield.o(routines)
    $v0                                      0x000002fc   Number         0  emptyplayfield.o(routines)
    routines                                 0x0000038c   Section      200  spi_config.o(routines)
    $v0                                      0x0000038c   Number         0  spi_config.o(routines)
    routines                                 0x00000454   Section      180  screen_init.o(routines)
    $v0                                      0x00000454   Number         0  screen_init.o(routines)
    routines                                 0x00000508   Section       28  delay_100ms.o(routines)
    $v0                                      0x00000508   Number         0  delay_100ms.o(routines)
    routines                                 0x00000524   Section       48  data_write.o(routines)
    $v0                                      0x00000524   Number         0  data_write.o(routines)
    routines                                 0x00000554   Section       92  address_change.o(routines)
    $v0                                      0x00000554   Number         0  address_change.o(routines)
    routines                                 0x000005b0   Section       24  delay_1ms.o(routines)
    $v0                                      0x000005b0   Number         0  delay_1ms.o(routines)
    routines                                 0x000005c8   Section      632  systick_timer.o(routines)
    $v0                                      0x000005c8   Number         0  systick_timer.o(routines)
    routines                                 0x00000840   Section      432  winner.o(routines)
    $v0                                      0x00000840   Number         0  winner.o(routines)
    routines                                 0x000009f0   Section      824  loser.o(routines)
    $v0                                      0x000009f0   Number         0  loser.o(routines)
    routines                                 0x00000d28   Section      296  pushbutton.o(routines)
    $v0                                      0x00000d28   Number         0  pushbutton.o(routines)
    routines                                 0x00000e50   Section      508  adc_init.o(routines)
    $v0                                      0x00000e50   Number         0  adc_init.o(routines)
    routines                                 0x0000104c   Section      164  winorlose.o(routines)
    $v0                                      0x0000104c   Number         0  winorlose.o(routines)
    routines                                 0x000010f0   Section      568  ship_cursor.o(routines)
    $v0                                      0x000010f0   Number         0  ship_cursor.o(routines)
    routines                                 0x00001328   Section      484  memory_map.o(routines)
    $v0                                      0x00001328   Number         0  memory_map.o(routines)
    routines                                 0x0000150c   Section       24  delay_10ms.o(routines)
    $v0                                      0x0000150c   Number         0  delay_10ms.o(routines)
    routines                                 0x00001524   Section       96  player2_pushbutton.o(routines)
    $v0                                      0x00001524   Number         0  player2_pushbutton.o(routines)
    routines                                 0x00001584   Section      468  mine_cursor.o(routines)
    $v0                                      0x00001584   Number         0  mine_cursor.o(routines)
    STACK                                    0x20000000   Section     1024  startup.o(STACK)
    StackMem                                 0x20000000   Data           0  startup.o(STACK)

    Global Symbols

    Symbol Name                              Value     Ov Type        Size  Object(Section)

    BuildAttributes$$THM_ISAv4$E$P$D$K$B$S$7EM$VFPi3$EXTD16$VFPS$VFMA$PE$A:L22UL41UL21$X:L11$S22US41US21$IEEE1$IW$USESV6$~STKCKD$USESV7$~SHL$OSPACE$ROPI$EBA8$STANDARDLIB$REQ8$EABIv2 0x00000000   Number         0  anon$$obj.o ABSOLUTE
    __Vectors                                0x00000000   Data           0  startup.o(RESET)
    Reset_Handler                            0x0000026d   Thumb Code     0  startup.o(RESET)
    NMI_Handler                              0x00000271   Thumb Code     2  startup.o(RESET)
    HardFault_Handler                        0x00000273   Thumb Code     2  startup.o(RESET)
    MemManage_Handler                        0x00000275   Thumb Code     2  startup.o(RESET)
    BusFault_Handler                         0x00000277   Thumb Code     2  startup.o(RESET)
    UsageFault_Handler                       0x00000279   Thumb Code     2  startup.o(RESET)
    SVC_Handler                              0x0000027b   Thumb Code     2  startup.o(RESET)
    DebugMon_Handler                         0x0000027d   Thumb Code     2  startup.o(RESET)
    PendSV_Handler                           0x0000027f   Thumb Code     2  startup.o(RESET)
    SysTick_Handler                          0x00000281   Thumb Code     4  startup.o(RESET)
    ADC0Seq0_Handler                         0x00000285   Thumb Code     0  startup.o(RESET)
    ADC0Seq1_Handler                         0x00000285   Thumb Code     0  startup.o(RESET)
    ADC0Seq2_Handler                         0x00000285   Thumb Code     0  startup.o(RESET)
    ADC0Seq3_Handler                         0x00000285   Thumb Code     0  startup.o(RESET)
    Comp0_Handler                            0x00000285   Thumb Code     0  startup.o(RESET)
    Comp1_Handler                            0x00000285   Thumb Code     0  startup.o(RESET)
    Comp2_Handler                            0x00000285   Thumb Code     0  startup.o(RESET)
    FlashCtl_Handler                         0x00000285   Thumb Code     0  startup.o(RESET)
    GPIOPortA_Handler                        0x00000285   Thumb Code     0  startup.o(RESET)
    GPIOPortB_Handler                        0x00000285   Thumb Code     0  startup.o(RESET)
    GPIOPortC_Handler                        0x00000285   Thumb Code     0  startup.o(RESET)
    GPIOPortD_Handler                        0x00000285   Thumb Code     0  startup.o(RESET)
    GPIOPortE_Handler                        0x00000285   Thumb Code     0  startup.o(RESET)
    GPIOPortF_Handler                        0x00000285   Thumb Code    14  startup.o(RESET)
    I2C0_Handler                             0x00000285   Thumb Code     0  startup.o(RESET)
    PWM0Fault_Handler                        0x00000285   Thumb Code     0  startup.o(RESET)
    PWM0Generator0_Handler                   0x00000285   Thumb Code     0  startup.o(RESET)
    PWM0Generator1_Handler                   0x00000285   Thumb Code     0  startup.o(RESET)
    PWM0Generator2_Handler                   0x00000285   Thumb Code     0  startup.o(RESET)
    Quadrature0_Handler                      0x00000285   Thumb Code     0  startup.o(RESET)
    SSI0_Handler                             0x00000285   Thumb Code     0  startup.o(RESET)
    SysCtl_Handler                           0x00000285   Thumb Code     0  startup.o(RESET)
    Timer0A_Handler                          0x00000285   Thumb Code     0  startup.o(RESET)
    Timer0B_Handler                          0x00000285   Thumb Code     0  startup.o(RESET)
    Timer1A_Handler                          0x00000285   Thumb Code     0  startup.o(RESET)
    Timer1B_Handler                          0x00000285   Thumb Code     0  startup.o(RESET)
    Timer2A_Handler                          0x00000285   Thumb Code     0  startup.o(RESET)
    Timer2B_Handler                          0x00000285   Thumb Code     0  startup.o(RESET)
    UART0_Handler                            0x00000285   Thumb Code     0  startup.o(RESET)
    UART1_Handler                            0x00000285   Thumb Code     0  startup.o(RESET)
    WDT_Handler                              0x00000285   Thumb Code     0  startup.o(RESET)
    ADC1Seq0_Handler                         0x00000293   Thumb Code     0  startup.o(RESET)
    ADC1Seq1_Handler                         0x00000293   Thumb Code     0  startup.o(RESET)
    ADC1Seq2_Handler                         0x00000293   Thumb Code     0  startup.o(RESET)
    ADC1Seq3_Handler                         0x00000293   Thumb Code     0  startup.o(RESET)
    CAN0_Handler                             0x00000293   Thumb Code     0  startup.o(RESET)
    CAN1_Handler                             0x00000293   Thumb Code     0  startup.o(RESET)
    CAN2_Handler                             0x00000293   Thumb Code     0  startup.o(RESET)
    Ethernet_Handler                         0x00000293   Thumb Code     0  startup.o(RESET)
    ExtBus_Handler                           0x00000293   Thumb Code     0  startup.o(RESET)
    FPU_Handler                              0x00000293   Thumb Code     0  startup.o(RESET)
    Fan0_Handler                             0x00000293   Thumb Code     0  startup.o(RESET)
    GPIOPortG_Handler                        0x00000293   Thumb Code     0  startup.o(RESET)
    GPIOPortH_Handler                        0x00000293   Thumb Code     0  startup.o(RESET)
    GPIOPortJ_Handler                        0x00000293   Thumb Code     0  startup.o(RESET)
    GPIOPortK_Handler                        0x00000293   Thumb Code     0  startup.o(RESET)
    GPIOPortL_Handler                        0x00000293   Thumb Code     0  startup.o(RESET)
    GPIOPortM_Handler                        0x00000293   Thumb Code     0  startup.o(RESET)
    GPIOPortN_Handler                        0x00000293   Thumb Code     0  startup.o(RESET)
    GPIOPortP1_Handler                       0x00000293   Thumb Code     0  startup.o(RESET)
    GPIOPortP2_Handler                       0x00000293   Thumb Code     0  startup.o(RESET)
    GPIOPortP3_Handler                       0x00000293   Thumb Code     0  startup.o(RESET)
    GPIOPortP4_Handler                       0x00000293   Thumb Code     0  startup.o(RESET)
    GPIOPortP5_Handler                       0x00000293   Thumb Code     0  startup.o(RESET)
    GPIOPortP6_Handler                       0x00000293   Thumb Code     0  startup.o(RESET)
    GPIOPortP7_Handler                       0x00000293   Thumb Code     0  startup.o(RESET)
    GPIOPortP_Handler                        0x00000293   Thumb Code     0  startup.o(RESET)
    GPIOPortQ1_Handler                       0x00000293   Thumb Code     0  startup.o(RESET)
    GPIOPortQ2_Handler                       0x00000293   Thumb Code     0  startup.o(RESET)
    GPIOPortQ3_Handler                       0x00000293   Thumb Code     0  startup.o(RESET)
    GPIOPortQ4_Handler                       0x00000293   Thumb Code     0  startup.o(RESET)
    GPIOPortQ5_Handler                       0x00000293   Thumb Code     0  startup.o(RESET)
    GPIOPortQ6_Handler                       0x00000293   Thumb Code     0  startup.o(RESET)
    GPIOPortQ7_Handler                       0x00000293   Thumb Code     0  startup.o(RESET)
    GPIOPortQ_Handler                        0x00000293   Thumb Code     0  startup.o(RESET)
    GPIOPortR_Handler                        0x00000293   Thumb Code     0  startup.o(RESET)
    GPIOPortS_Handler                        0x00000293   Thumb Code     0  startup.o(RESET)
    Hibernate_Handler                        0x00000293   Thumb Code     0  startup.o(RESET)
    I2C1_Handler                             0x00000293   Thumb Code     0  startup.o(RESET)
    I2C2_Handler                             0x00000293   Thumb Code     0  startup.o(RESET)
    I2C3_Handler                             0x00000293   Thumb Code     0  startup.o(RESET)
    I2C4_Handler                             0x00000293   Thumb Code     0  startup.o(RESET)
    I2C5_Handler                             0x00000293   Thumb Code     0  startup.o(RESET)
    I2S0_Handler                             0x00000293   Thumb Code     0  startup.o(RESET)
    LPC0_Handler                             0x00000293   Thumb Code     0  startup.o(RESET)
    PECI0_Handler                            0x00000293   Thumb Code     0  startup.o(RESET)
    PWM0Generator3_Handler                   0x00000293   Thumb Code     0  startup.o(RESET)
    PWM1Fault_Handler                        0x00000293   Thumb Code     0  startup.o(RESET)
    PWM1Generator0_Handler                   0x00000293   Thumb Code     0  startup.o(RESET)
    PWM1Generator1_Handler                   0x00000293   Thumb Code     0  startup.o(RESET)
    PWM1Generator2_Handler                   0x00000293   Thumb Code     0  startup.o(RESET)
    PWM1Generator3_Handler                   0x00000293   Thumb Code     0  startup.o(RESET)
    Quadrature1_Handler                      0x00000293   Thumb Code     0  startup.o(RESET)
    Quadrature2_Handler                      0x00000293   Thumb Code     0  startup.o(RESET)
    SSI1_Handler                             0x00000293   Thumb Code     0  startup.o(RESET)
    SSI2_Handler                             0x00000293   Thumb Code     0  startup.o(RESET)
    SSI3_Handler                             0x00000293   Thumb Code     0  startup.o(RESET)
    Timer3A_Handler                          0x00000293   Thumb Code     0  startup.o(RESET)
    Timer3B_Handler                          0x00000293   Thumb Code     0  startup.o(RESET)
    Timer4A_Handler                          0x00000293   Thumb Code     0  startup.o(RESET)
    Timer4B_Handler                          0x00000293   Thumb Code     0  startup.o(RESET)
    Timer5A_Handler                          0x00000293   Thumb Code     0  startup.o(RESET)
    Timer5B_Handler                          0x00000293   Thumb Code     0  startup.o(RESET)
    UART2_Handler                            0x00000293   Thumb Code     0  startup.o(RESET)
    UART3_Handler                            0x00000293   Thumb Code     0  startup.o(RESET)
    UART4_Handler                            0x00000293   Thumb Code     0  startup.o(RESET)
    UART5_Handler                            0x00000293   Thumb Code     0  startup.o(RESET)
    UART6_Handler                            0x00000293   Thumb Code     0  startup.o(RESET)
    UART7_Handler                            0x00000293   Thumb Code     0  startup.o(RESET)
    USB0_Handler                             0x00000293   Thumb Code     0  startup.o(RESET)
    WideTimer0A_Handler                      0x00000293   Thumb Code     0  startup.o(RESET)
    WideTimer0B_Handler                      0x00000293   Thumb Code     0  startup.o(RESET)
    WideTimer1A_Handler                      0x00000293   Thumb Code     0  startup.o(RESET)
    WideTimer1B_Handler                      0x00000293   Thumb Code     0  startup.o(RESET)
    WideTimer2A_Handler                      0x00000293   Thumb Code     0  startup.o(RESET)
    WideTimer2B_Handler                      0x00000293   Thumb Code     0  startup.o(RESET)
    WideTimer3A_Handler                      0x00000293   Thumb Code     0  startup.o(RESET)
    WideTimer3B_Handler                      0x00000293   Thumb Code     0  startup.o(RESET)
    WideTimer4A_Handler                      0x00000293   Thumb Code     0  startup.o(RESET)
    WideTimer4B_Handler                      0x00000293   Thumb Code     0  startup.o(RESET)
    WideTimer5A_Handler                      0x00000293   Thumb Code     0  startup.o(RESET)
    WideTimer5B_Handler                      0x00000293   Thumb Code     0  startup.o(RESET)
    uDMA_Error                               0x00000293   Thumb Code     0  startup.o(RESET)
    uDMA_Handler                             0x00000293   Thumb Code     0  startup.o(RESET)
    __use_two_region_memory                  0x00000299   Thumb Code     2  heapauxi.o(.text)
    __rt_heap_escrow$2region                 0x0000029b   Thumb Code     2  heapauxi.o(.text)
    __rt_heap_expand$2region                 0x0000029d   Thumb Code     2  heapauxi.o(.text)
    __main                                   0x000002a1   Thumb Code    86  main.o(main)
    EMP_FIELD                                0x000002fd   Thumb Code   142  emptyplayfield.o(routines)
    SPI_CONFIG                               0x0000038d   Thumb Code   150  spi_config.o(routines)
    SCREEN_INIT                              0x00000455   Thumb Code   150  screen_init.o(routines)
    DELAY_100ms                              0x00000509   Thumb Code     0  delay_100ms.o(routines)
    DATA_WRITE                               0x00000525   Thumb Code    38  data_write.o(routines)
    ADDRESS_CHANGE                           0x00000555   Thumb Code    80  address_change.o(routines)
    DELAY_1ms                                0x000005b1   Thumb Code     0  delay_1ms.o(routines)
    INIT_SYSTICK                             0x000005c9   Thumb Code    38  systick_timer.o(routines)
    My_SYSTICK                               0x000005ef   Thumb Code   576  systick_timer.o(routines)
    WINNER                                   0x00000841   Thumb Code   432  winner.o(routines)
    LOSER                                    0x000009f1   Thumb Code   232  loser.o(routines)
    PLAYER2                                  0x00000ad9   Thumb Code   590  loser.o(routines)
    PORTF_INIT                               0x00000d29   Thumb Code    84  pushbutton.o(routines)
    delay                                    0x00000d7d   Thumb Code     6  pushbutton.o(routines)
    PortF_Input                              0x00000d83   Thumb Code    16  pushbutton.o(routines)
    PUSHBUTTON                               0x00000d93   Thumb Code   130  pushbutton.o(routines)
    ADC_INIT                                 0x00000e51   Thumb Code   198  adc_init.o(routines)
    ADC_READ_SHIP                            0x00000f17   Thumb Code   108  adc_init.o(routines)
    ADC_READ_CURSOR                          0x00000f83   Thumb Code   108  adc_init.o(routines)
    WINORLOSE                                0x0000104d   Thumb Code   156  winorlose.o(routines)
    SHIP_CURSOR                              0x000010f1   Thumb Code   542  ship_cursor.o(routines)
    MEMORY_MAP                               0x00001329   Thumb Code   446  memory_map.o(routines)
    DELAY_10ms                               0x0000150d   Thumb Code     0  delay_10ms.o(routines)
    delay2                                   0x00001525   Thumb Code     6  player2_pushbutton.o(routines)
    PLAYER2_PUSHBUTTON                       0x0000152b   Thumb Code    80  player2_pushbutton.o(routines)
    MINE_CURSOR                              0x00001585   Thumb Code   450  mine_cursor.o(routines)



==============================================================================

Memory Map of the image

  Image Entry point : 0x0000026d

  Load Region LR_1 (Base: 0x00000000, Size: 0x00001b58, Max: 0xffffffff, ABSOLUTE)

    Execution Region ER_RO (Exec base: 0x00000000, Load base: 0x00000000, Size: 0x00001758, Max: 0xffffffff, ABSOLUTE)

    Exec Addr    Load Addr    Size         Type   Attr      Idx    E Section Name        Object

    0x00000000   0x00000000   0x00000298   Code   RO           15  * RESET               startup.o
    0x00000298   0x00000298   0x00000006   Code   RO           99    .text               c_w.l(heapauxi.o)
    0x0000029e   0x0000029e   0x00000002   PAD
    0x000002a0   0x000002a0   0x0000005c   Code   RO            2    main                main.o
    0x000002fc   0x000002fc   0x00000090   Code   RO            9    routines            emptyplayfield.o
    0x0000038c   0x0000038c   0x000000c8   Code   RO           23    routines            spi_config.o
    0x00000454   0x00000454   0x000000b4   Code   RO           28    routines            screen_init.o
    0x00000508   0x00000508   0x0000001c   Code   RO           32    routines            delay_100ms.o
    0x00000524   0x00000524   0x00000030   Code   RO           36    routines            data_write.o
    0x00000554   0x00000554   0x0000005c   Code   RO           41    routines            address_change.o
    0x000005b0   0x000005b0   0x00000018   Code   RO           45    routines            delay_1ms.o
    0x000005c8   0x000005c8   0x00000278   Code   RO           48    routines            systick_timer.o
    0x00000840   0x00000840   0x000001b0   Code   RO           52    routines            winner.o
    0x000009f0   0x000009f0   0x00000338   Code   RO           56    routines            loser.o
    0x00000d28   0x00000d28   0x00000128   Code   RO           60    routines            pushbutton.o
    0x00000e50   0x00000e50   0x000001fc   Code   RO           64    routines            adc_init.o
    0x0000104c   0x0000104c   0x000000a4   Code   RO           68    routines            winorlose.o
    0x000010f0   0x000010f0   0x00000238   Code   RO           73    routines            ship_cursor.o
    0x00001328   0x00001328   0x000001e4   Code   RO           78    routines            memory_map.o
    0x0000150c   0x0000150c   0x00000018   Code   RO           85    routines            delay_10ms.o
    0x00001524   0x00001524   0x00000060   Code   RO           88    routines            player2_pushbutton.o
    0x00001584   0x00001584   0x000001d4   Code   RO           93    routines            mine_cursor.o


    Execution Region ER_RW (Exec base: 0x20000000, Load base: 0x00001758, Size: 0x00000400, Max: 0xffffffff, ABSOLUTE)

    Exec Addr    Load Addr    Size         Type   Attr      Idx    E Section Name        Object

    0x20000000   0x00001758   0x00000400   Data   RW           13    STACK               startup.o


    Execution Region ER_ZI (Exec base: 0x20000400, Load base: 0x00001b58, Size: 0x00000000, Max: 0xffffffff, ABSOLUTE)

    **** No section assigned to this execution region ****


==============================================================================

Image component sizes


      Code (inc. data)   RO Data    RW Data    ZI Data      Debug   Object Name

       508         94          0          0          0        640   adc_init.o
        92         12          0          0          0        436   address_change.o
        48         10          0          0          0        412   data_write.o
        28          6          0          0          0        272   delay_100ms.o
        24          0          0          0          0        272   delay_10ms.o
        24          0          0          0          0        272   delay_1ms.o
       144          2          0          0          0        452   emptyplayfield.o
       824          2          0          0          0        628   loser.o
        92          6          0          0          0        440   main.o
       484         38          0          0          0        516   memory_map.o
       468         18          0          0          0        560   mine_cursor.o
        96         10          0          0          0        488   player2_pushbutton.o
       296         60          0          0          0        596   pushbutton.o
       180         30          0          0          0        460   screen_init.o
       568         26          0          0          0        592   ship_cursor.o
       200         50          0          0          0        456   spi_config.o
       664        624          0       1024          0        796   startup.o
       632         18          0          0          0        620   systick_timer.o
       432          0          0          0          0        496   winner.o
       164          8          0          0          0        460   winorlose.o

    ----------------------------------------------------------------------
      5968       1014          0       1024          0       9864   Object Totals
         0          0          0          0          0          0   (incl. Generated)
         0          0          0          0          0          0   (incl. Padding)

    ----------------------------------------------------------------------

      Code (inc. data)   RO Data    RW Data    ZI Data      Debug   Library Member Name

         6          0          0          0          0        152   heapauxi.o

    ----------------------------------------------------------------------
         8          0          0          0          0        152   Library Totals
         2          0          0          0          0          0   (incl. Padding)

    ----------------------------------------------------------------------

      Code (inc. data)   RO Data    RW Data    ZI Data      Debug   Library Name

         6          0          0          0          0        152   c_w.l

    ----------------------------------------------------------------------
         8          0          0          0          0        152   Library Totals

    ----------------------------------------------------------------------

==============================================================================


      Code (inc. data)   RO Data    RW Data    ZI Data      Debug   

      5976       1014          0       1024          0       8416   Grand Totals
      5976       1014          0       1024          0       8416   ELF Image Totals
      5976       1014          0       1024          0          0   ROM Totals

==============================================================================

    Total RO  Size (Code + RO Data)                 5976 (   5.84kB)
    Total RW  Size (RW Data + ZI Data)              1024 (   1.00kB)
    Total ROM Size (Code + RO Data + RW Data)       7000 (   6.84kB)

==============================================================================

