Component: ARM Compiler 5.06 update 6 (build 750) Tool: armlink [4d35ed]

==============================================================================

Section Cross References

    main.o(main) refers to emptyplayfield.o(routines) for EMP_FIELD
    main.o(main) refers to spi_config.o(routines) for SPI_CONFIG
    main.o(main) refers to screen_init.o(routines) for SCREEN_INIT
    main.o(main) refers to data_write.o(routines) for DATA_WRITE
    main.o(main) refers to adc_init.o(routines) for ADC_INIT
    main.o(main) refers to pushbutton.o(routines) for PORTF_INIT
    startup.o(STACK) refers (Special) to heapauxi.o(.text) for __use_two_region_memory
    startup.o(HEAP) refers (Special) to heapauxi.o(.text) for __use_two_region_memory
    startup.o(RESET) refers (Special) to heapauxi.o(.text) for __use_two_region_memory
    startup.o(RESET) refers to startup.o(STACK) for StackMem
    startup.o(RESET) refers to main.o(main) for __main
    startup.o(RESET) refers to systick_timer.o(routines) for My_SYSTICK
    startup.o(RESET) refers to winner.o(routines) for WINNER
    startup.o(.text) refers (Special) to heapauxi.o(.text) for __use_two_region_memory
    startup.o(.text) refers to startup.o(HEAP) for HeapMem
    startup.o(.text) refers to startup.o(STACK) for StackMem
    screen_init.o(routines) refers to delay_100ms.o(routines) for DELAY_100ms
    data_write.o(routines) refers to delay_1ms.o(routines) for DELAY_1ms
    address_change.o(routines) refers to delay_100ms.o(routines) for DELAY_100ms
    systick_timer.o(routines) refers to address_change.o(routines) for ADDRESS_CHANGE
    systick_timer.o(routines) refers to data_write.o(routines) for DATA_WRITE
    winner.o(routines) refers to data_write.o(routines) for DATA_WRITE
    winner.o(routines) refers to address_change.o(routines) for ADDRESS_CHANGE
    loser.o(routines) refers to data_write.o(routines) for DATA_WRITE
    loser.o(routines) refers to address_change.o(routines) for ADDRESS_CHANGE
    pushbutton.o(routines) refers to adc_init.o(routines) for ADC_READ_SHIP
    winorlose.o(routines) refers to loser.o(routines) for LOSER
    winorlose.o(routines) refers to winner.o(routines) for WINNER


==============================================================================

Removing Unused input sections from the image.

    Removing main.o(sdata), (0 bytes).
    Removing emptyplayfield.o(sdata), (0 bytes).
    Removing startup.o(HEAP), (0 bytes).
    Removing startup.o(.text), (48 bytes).
    Removing spi_config.o(sdata), (0 bytes).
    Removing screen_init.o(sdata), (0 bytes).
    Removing data_write.o(sdata), (0 bytes).
    Removing address_change.o(sdata), (0 bytes).
    Removing loser.o(routines), (232 bytes).
    Removing winorlose.o(routines), (164 bytes).

10 unused section(s) (total 444 bytes) removed from the image.

==============================================================================

Image Symbol Table

    Local Symbols

    Symbol Name                              Value     Ov Type        Size  Object(Section)

    RESET                                    0x00000000   Section      664  startup.o(RESET)
    ../clib/heapaux.c                        0x00000000   Number         0  heapauxi.o ABSOLUTE
    ADC_INIT.s                               0x00000000   Number         0  adc_init.o ABSOLUTE
    ADDRESS_CHANGE.s                         0x00000000   Number         0  address_change.o ABSOLUTE
    DELAY_100ms.s                            0x00000000   Number         0  delay_100ms.o ABSOLUTE
    DELAY_1ms.s                              0x00000000   Number         0  delay_1ms.o ABSOLUTE
    Data_write.s                             0x00000000   Number         0  data_write.o ABSOLUTE
    EmptyPlayfield.s                         0x00000000   Number         0  emptyplayfield.o ABSOLUTE
    LOSER.s                                  0x00000000   Number         0  loser.o ABSOLUTE
    Main.s                                   0x00000000   Number         0  main.o ABSOLUTE
    PUSHBUTTON.s                             0x00000000   Number         0  pushbutton.o ABSOLUTE
    SCREEN_INIT.s                            0x00000000   Number         0  screen_init.o ABSOLUTE
    SPI_config.s                             0x00000000   Number         0  spi_config.o ABSOLUTE
    Startup.s                                0x00000000   Number         0  startup.o ABSOLUTE
    SysTick_Timer.s                          0x00000000   Number         0  systick_timer.o ABSOLUTE
    WINORLOSE.s                              0x00000000   Number         0  winorlose.o ABSOLUTE
    dc.s                                     0x00000000   Number         0  dc.o ABSOLUTE
    winner.s                                 0x00000000   Number         0  winner.o ABSOLUTE
    $v0                                      0x0000026c   Number         0  startup.o(RESET)
    .text                                    0x00000298   Section        0  heapauxi.o(.text)
    main                                     0x000002a0   Section       72  main.o(main)
    $v0                                      0x000002a0   Number         0  main.o(main)
    routines                                 0x000002e8   Section      144  emptyplayfield.o(routines)
    $v0                                      0x000002e8   Number         0  emptyplayfield.o(routines)
    routines                                 0x00000378   Section      200  spi_config.o(routines)
    $v0                                      0x00000378   Number         0  spi_config.o(routines)
    routines                                 0x00000440   Section      180  screen_init.o(routines)
    $v0                                      0x00000440   Number         0  screen_init.o(routines)
    routines                                 0x000004f4   Section       28  delay_100ms.o(routines)
    $v0                                      0x000004f4   Number         0  delay_100ms.o(routines)
    routines                                 0x00000510   Section       40  data_write.o(routines)
    $v0                                      0x00000510   Number         0  data_write.o(routines)
    routines                                 0x00000538   Section       88  address_change.o(routines)
    $v0                                      0x00000538   Number         0  address_change.o(routines)
    routines                                 0x00000590   Section       24  delay_1ms.o(routines)
    $v0                                      0x00000590   Number         0  delay_1ms.o(routines)
    routines                                 0x000005a8   Section      628  systick_timer.o(routines)
    $v0                                      0x000005a8   Number         0  systick_timer.o(routines)
    routines                                 0x0000081c   Section      432  winner.o(routines)
    $v0                                      0x0000081c   Number         0  winner.o(routines)
    routines                                 0x000009cc   Section      232  pushbutton.o(routines)
    $v0                                      0x000009cc   Number         0  pushbutton.o(routines)
    routines                                 0x00000ab4   Section      504  adc_init.o(routines)
    $v0                                      0x00000ab4   Number         0  adc_init.o(routines)
    STACK                                    0x20000000   Section     1024  startup.o(STACK)
    StackMem                                 0x20000000   Data           0  startup.o(STACK)

    Global Symbols

    Symbol Name                              Value     Ov Type        Size  Object(Section)

    BuildAttributes$$THM_ISAv4$E$P$D$K$B$S$7EM$VFPi3$EXTD16$VFPS$VFMA$PE$A:L22UL41UL21$X:L11$S22US41US21$IEEE1$IW$USESV6$~STKCKD$USESV7$~SHL$OSPACE$ROPI$EBA8$STANDARDLIB$REQ8$EABIv2 0x00000000   Number         0  anon$$obj.o ABSOLUTE
    __Vectors                                0x00000000   Data           0  startup.o(RESET)
    Reset_Handler                            0x0000026d   Thumb Code     0  startup.o(RESET)
    NMI_Handler                              0x00000271   Thumb Code     2  startup.o(RESET)
    HardFault_Handler                        0x00000273   Thumb Code     2  startup.o(RESET)
    MemManage_Handler                        0x00000275   Thumb Code     2  startup.o(RESET)
    BusFault_Handler                         0x00000277   Thumb Code     2  startup.o(RESET)
    UsageFault_Handler                       0x00000279   Thumb Code     2  startup.o(RESET)
    SVC_Handler                              0x0000027b   Thumb Code     2  startup.o(RESET)
    DebugMon_Handler                         0x0000027d   Thumb Code     2  startup.o(RESET)
    PendSV_Handler                           0x0000027f   Thumb Code     2  startup.o(RESET)
    SysTick_Handler                          0x00000281   Thumb Code     4  startup.o(RESET)
    ADC0Seq0_Handler                         0x00000285   Thumb Code     0  startup.o(RESET)
    ADC0Seq1_Handler                         0x00000285   Thumb Code     0  startup.o(RESET)
    ADC0Seq2_Handler                         0x00000285   Thumb Code     0  startup.o(RESET)
    ADC0Seq3_Handler                         0x00000285   Thumb Code     0  startup.o(RESET)
    Comp0_Handler                            0x00000285   Thumb Code     0  startup.o(RESET)
    Comp1_Handler                            0x00000285   Thumb Code     0  startup.o(RESET)
    Comp2_Handler                            0x00000285   Thumb Code     0  startup.o(RESET)
    FlashCtl_Handler                         0x00000285   Thumb Code     0  startup.o(RESET)
    GPIOPortA_Handler                        0x00000285   Thumb Code     0  startup.o(RESET)
    GPIOPortB_Handler                        0x00000285   Thumb Code     0  startup.o(RESET)
    GPIOPortC_Handler                        0x00000285   Thumb Code     0  startup.o(RESET)
    GPIOPortD_Handler                        0x00000285   Thumb Code     0  startup.o(RESET)
    GPIOPortE_Handler                        0x00000285   Thumb Code     0  startup.o(RESET)
    GPIOPortF_Handler                        0x00000285   Thumb Code    14  startup.o(RESET)
    I2C0_Handler                             0x00000285   Thumb Code     0  startup.o(RESET)
    PWM0Fault_Handler                        0x00000285   Thumb Code     0  startup.o(RESET)
    PWM0Generator0_Handler                   0x00000285   Thumb Code     0  startup.o(RESET)
    PWM0Generator1_Handler                   0x00000285   Thumb Code     0  startup.o(RESET)
    PWM0Generator2_Handler                   0x00000285   Thumb Code     0  startup.o(RESET)
    Quadrature0_Handler                      0x00000285   Thumb Code     0  startup.o(RESET)
    SSI0_Handler                             0x00000285   Thumb Code     0  startup.o(RESET)
    SysCtl_Handler                           0x00000285   Thumb Code     0  startup.o(RESET)
    Timer0A_Handler                          0x00000285   Thumb Code     0  startup.o(RESET)
    Timer0B_Handler                          0x00000285   Thumb Code     0  startup.o(RESET)
    Timer1A_Handler                          0x00000285   Thumb Code     0  startup.o(RESET)
    Timer1B_Handler                          0x00000285   Thumb Code     0  startup.o(RESET)
    Timer2A_Handler                          0x00000285   Thumb Code     0  startup.o(RESET)
    Timer2B_Handler                          0x00000285   Thumb Code     0  startup.o(RESET)
    UART0_Handler                            0x00000285   Thumb Code     0  startup.o(RESET)
    UART1_Handler                            0x00000285   Thumb Code     0  startup.o(RESET)
    WDT_Handler                              0x00000285   Thumb Code     0  startup.o(RESET)
    ADC1Seq0_Handler                         0x00000293   Thumb Code     0  startup.o(RESET)
    ADC1Seq1_Handler                         0x00000293   Thumb Code     0  startup.o(RESET)
    ADC1Seq2_Handler                         0x00000293   Thumb Code     0  startup.o(RESET)
    ADC1Seq3_Handler                         0x00000293   Thumb Code     0  startup.o(RESET)
    CAN0_Handler                             0x00000293   Thumb Code     0  startup.o(RESET)
    CAN1_Handler                             0x00000293   Thumb Code     0  startup.o(RESET)
    CAN2_Handler                             0x00000293   Thumb Code     0  startup.o(RESET)
    Ethernet_Handler                         0x00000293   Thumb Code     0  startup.o(RESET)
    ExtBus_Handler                           0x00000293   Thumb Code     0  startup.o(RESET)
    FPU_Handler                              0x00000293   Thumb Code     0  startup.o(RESET)
    Fan0_Handler                             0x00000293   Thumb Code     0  startup.o(RESET)
    GPIOPortG_Handler                        0x00000293   Thumb Code     0  startup.o(RESET)
    GPIOPortH_Handler                        0x00000293   Thumb Code     0  startup.o(RESET)
    GPIOPortJ_Handler                        0x00000293   Thumb Code     0  startup.o(RESET)
    GPIOPortK_Handler                        0x00000293   Thumb Code     0  startup.o(RESET)
    GPIOPortL_Handler                        0x00000293   Thumb Code     0  startup.o(RESET)
    GPIOPortM_Handler                        0x00000293   Thumb Code     0  startup.o(RESET)
    GPIOPortN_Handler                        0x00000293   Thumb Code     0  startup.o(RESET)
    GPIOPortP1_Handler                       0x00000293   Thumb Code     0  startup.o(RESET)
    GPIOPortP2_Handler                       0x00000293   Thumb Code     0  startup.o(RESET)
    GPIOPortP3_Handler                       0x00000293   Thumb Code     0  startup.o(RESET)
    GPIOPortP4_Handler                       0x00000293   Thumb Code     0  startup.o(RESET)
    GPIOPortP5_Handler                       0x00000293   Thumb Code     0  startup.o(RESET)
    GPIOPortP6_Handler                       0x00000293   Thumb Code     0  startup.o(RESET)
    GPIOPortP7_Handler                       0x00000293   Thumb Code     0  startup.o(RESET)
    GPIOPortP_Handler                        0x00000293   Thumb Code     0  startup.o(RESET)
    GPIOPortQ1_Handler                       0x00000293   Thumb Code     0  startup.o(RESET)
    GPIOPortQ2_Handler                       0x00000293   Thumb Code     0  startup.o(RESET)
    GPIOPortQ3_Handler                       0x00000293   Thumb Code     0  startup.o(RESET)
    GPIOPortQ4_Handler                       0x00000293   Thumb Code     0  startup.o(RESET)
    GPIOPortQ5_Handler                       0x00000293   Thumb Code     0  startup.o(RESET)
    GPIOPortQ6_Handler                       0x00000293   Thumb Code     0  startup.o(RESET)
    GPIOPortQ7_Handler                       0x00000293   Thumb Code     0  startup.o(RESET)
    GPIOPortQ_Handler                        0x00000293   Thumb Code     0  startup.o(RESET)
    GPIOPortR_Handler                        0x00000293   Thumb Code     0  startup.o(RESET)
    GPIOPortS_Handler                        0x00000293   Thumb Code     0  startup.o(RESET)
    Hibernate_Handler                        0x00000293   Thumb Code     0  startup.o(RESET)
    I2C1_Handler                             0x00000293   Thumb Code     0  startup.o(RESET)
    I2C2_Handler                             0x00000293   Thumb Code     0  startup.o(RESET)
    I2C3_Handler                             0x00000293   Thumb Code     0  startup.o(RESET)
    I2C4_Handler                             0x00000293   Thumb Code     0  startup.o(RESET)
    I2C5_Handler                             0x00000293   Thumb Code     0  startup.o(RESET)
    I2S0_Handler                             0x00000293   Thumb Code     0  startup.o(RESET)
    LPC0_Handler                             0x00000293   Thumb Code     0  startup.o(RESET)
    PECI0_Handler                            0x00000293   Thumb Code     0  startup.o(RESET)
    PWM0Generator3_Handler                   0x00000293   Thumb Code     0  startup.o(RESET)
    PWM1Fault_Handler                        0x00000293   Thumb Code     0  startup.o(RESET)
    PWM1Generator0_Handler                   0x00000293   Thumb Code     0  startup.o(RESET)
    PWM1Generator1_Handler                   0x00000293   Thumb Code     0  startup.o(RESET)
    PWM1Generator2_Handler                   0x00000293   Thumb Code     0  startup.o(RESET)
    PWM1Generator3_Handler                   0x00000293   Thumb Code     0  startup.o(RESET)
    Quadrature1_Handler                      0x00000293   Thumb Code     0  startup.o(RESET)
    Quadrature2_Handler                      0x00000293   Thumb Code     0  startup.o(RESET)
    SSI1_Handler                             0x00000293   Thumb Code     0  startup.o(RESET)
    SSI2_Handler                             0x00000293   Thumb Code     0  startup.o(RESET)
    SSI3_Handler                             0x00000293   Thumb Code     0  startup.o(RESET)
    Timer3A_Handler                          0x00000293   Thumb Code     0  startup.o(RESET)
    Timer3B_Handler                          0x00000293   Thumb Code     0  startup.o(RESET)
    Timer4A_Handler                          0x00000293   Thumb Code     0  startup.o(RESET)
    Timer4B_Handler                          0x00000293   Thumb Code     0  startup.o(RESET)
    Timer5A_Handler                          0x00000293   Thumb Code     0  startup.o(RESET)
    Timer5B_Handler                          0x00000293   Thumb Code     0  startup.o(RESET)
    UART2_Handler                            0x00000293   Thumb Code     0  startup.o(RESET)
    UART3_Handler                            0x00000293   Thumb Code     0  startup.o(RESET)
    UART4_Handler                            0x00000293   Thumb Code     0  startup.o(RESET)
    UART5_Handler                            0x00000293   Thumb Code     0  startup.o(RESET)
    UART6_Handler                            0x00000293   Thumb Code     0  startup.o(RESET)
    UART7_Handler                            0x00000293   Thumb Code     0  startup.o(RESET)
    USB0_Handler                             0x00000293   Thumb Code     0  startup.o(RESET)
    WideTimer0A_Handler                      0x00000293   Thumb Code     0  startup.o(RESET)
    WideTimer0B_Handler                      0x00000293   Thumb Code     0  startup.o(RESET)
    WideTimer1A_Handler                      0x00000293   Thumb Code     0  startup.o(RESET)
    WideTimer1B_Handler                      0x00000293   Thumb Code     0  startup.o(RESET)
    WideTimer2A_Handler                      0x00000293   Thumb Code     0  startup.o(RESET)
    WideTimer2B_Handler                      0x00000293   Thumb Code     0  startup.o(RESET)
    WideTimer3A_Handler                      0x00000293   Thumb Code     0  startup.o(RESET)
    WideTimer3B_Handler                      0x00000293   Thumb Code     0  startup.o(RESET)
    WideTimer4A_Handler                      0x00000293   Thumb Code     0  startup.o(RESET)
    WideTimer4B_Handler                      0x00000293   Thumb Code     0  startup.o(RESET)
    WideTimer5A_Handler                      0x00000293   Thumb Code     0  startup.o(RESET)
    WideTimer5B_Handler                      0x00000293   Thumb Code     0  startup.o(RESET)
    uDMA_Error                               0x00000293   Thumb Code     0  startup.o(RESET)
    uDMA_Handler                             0x00000293   Thumb Code     0  startup.o(RESET)
    __use_two_region_memory                  0x00000299   Thumb Code     2  heapauxi.o(.text)
    __rt_heap_escrow$2region                 0x0000029b   Thumb Code     2  heapauxi.o(.text)
    __rt_heap_expand$2region                 0x0000029d   Thumb Code     2  heapauxi.o(.text)
    __main                                   0x000002a1   Thumb Code    62  main.o(main)
    EMP_FIELD                                0x000002e9   Thumb Code   142  emptyplayfield.o(routines)
    SPI_CONFIG                               0x00000379   Thumb Code   150  spi_config.o(routines)
    SCREEN_INIT                              0x00000441   Thumb Code   150  screen_init.o(routines)
    DELAY_100ms                              0x000004f5   Thumb Code     0  delay_100ms.o(routines)
    DATA_WRITE                               0x00000511   Thumb Code    30  data_write.o(routines)
    ADDRESS_CHANGE                           0x00000539   Thumb Code    76  address_change.o(routines)
    DELAY_1ms                                0x00000591   Thumb Code     0  delay_1ms.o(routines)
    INIT_SYSTICK                             0x000005a9   Thumb Code    38  systick_timer.o(routines)
    My_SYSTICK                               0x000005cf   Thumb Code   572  systick_timer.o(routines)
    WINNER                                   0x0000081d   Thumb Code   432  winner.o(routines)
    PORTF_INIT                               0x000009cd   Thumb Code    84  pushbutton.o(routines)
    delay                                    0x00000a21   Thumb Code     6  pushbutton.o(routines)
    PortF_Input                              0x00000a27   Thumb Code    16  pushbutton.o(routines)
    PUSHBUTTON                               0x00000a37   Thumb Code    74  pushbutton.o(routines)
    ADC_INIT                                 0x00000ab5   Thumb Code   194  adc_init.o(routines)
    ADC_READ_SHIP                            0x00000b77   Thumb Code   108  adc_init.o(routines)
    ADC_READ_CURSOR                          0x00000be3   Thumb Code   108  adc_init.o(routines)



==============================================================================

Memory Map of the image

  Image Entry point : 0x0000026d

  Load Region LR_1 (Base: 0x00000000, Size: 0x000010ac, Max: 0xffffffff, ABSOLUTE)

    Execution Region ER_RO (Exec base: 0x00000000, Load base: 0x00000000, Size: 0x00000cac, Max: 0xffffffff, ABSOLUTE)

    Exec Addr    Load Addr    Size         Type   Attr      Idx    E Section Name        Object

    0x00000000   0x00000000   0x00000298   Code   RO           15  * RESET               startup.o
    0x00000298   0x00000298   0x00000006   Code   RO           74    .text               c_w.l(heapauxi.o)
    0x0000029e   0x0000029e   0x00000002   PAD
    0x000002a0   0x000002a0   0x00000048   Code   RO            2    main                main.o
    0x000002e8   0x000002e8   0x00000090   Code   RO            9    routines            emptyplayfield.o
    0x00000378   0x00000378   0x000000c8   Code   RO           23    routines            spi_config.o
    0x00000440   0x00000440   0x000000b4   Code   RO           28    routines            screen_init.o
    0x000004f4   0x000004f4   0x0000001c   Code   RO           32    routines            delay_100ms.o
    0x00000510   0x00000510   0x00000028   Code   RO           36    routines            data_write.o
    0x00000538   0x00000538   0x00000058   Code   RO           41    routines            address_change.o
    0x00000590   0x00000590   0x00000018   Code   RO           45    routines            delay_1ms.o
    0x000005a8   0x000005a8   0x00000274   Code   RO           48    routines            systick_timer.o
    0x0000081c   0x0000081c   0x000001b0   Code   RO           52    routines            winner.o
    0x000009cc   0x000009cc   0x000000e8   Code   RO           60    routines            pushbutton.o
    0x00000ab4   0x00000ab4   0x000001f8   Code   RO           64    routines            adc_init.o


    Execution Region ER_RW (Exec base: 0x20000000, Load base: 0x00000cac, Size: 0x00000400, Max: 0xffffffff, ABSOLUTE)

    Exec Addr    Load Addr    Size         Type   Attr      Idx    E Section Name        Object

    0x20000000   0x00000cac   0x00000400   Data   RW           13    STACK               startup.o


    Execution Region ER_ZI (Exec base: 0x20000400, Load base: 0x000010ac, Size: 0x00000000, Max: 0xffffffff, ABSOLUTE)

    **** No section assigned to this execution region ****


==============================================================================

Image component sizes


      Code (inc. data)   RO Data    RW Data    ZI Data      Debug   Object Name

       504         94          0          0          0        640   adc_init.o
        88         12          0          0          0        436   address_change.o
        40         10          0          0          0        408   data_write.o
        28          6          0          0          0        272   delay_100ms.o
        24          0          0          0          0        272   delay_1ms.o
       144          2          0          0          0        452   emptyplayfield.o
        72         10          0          0          0        436   main.o
       232         52          0          0          0        584   pushbutton.o
       180         30          0          0          0        460   screen_init.o
       200         50          0          0          0        456   spi_config.o
       664        624          0       1024          0        796   startup.o
       628         18          0          0          0        616   systick_timer.o
       432          0          0          0          0        496   winner.o

    ----------------------------------------------------------------------
      3236        908          0       1024          0       6324   Object Totals
         0          0          0          0          0          0   (incl. Generated)
         0          0          0          0          0          0   (incl. Padding)

    ----------------------------------------------------------------------

      Code (inc. data)   RO Data    RW Data    ZI Data      Debug   Library Member Name

         6          0          0          0          0        152   heapauxi.o

    ----------------------------------------------------------------------
         8          0          0          0          0        152   Library Totals
         2          0          0          0          0          0   (incl. Padding)

    ----------------------------------------------------------------------

      Code (inc. data)   RO Data    RW Data    ZI Data      Debug   Library Name

         6          0          0          0          0        152   c_w.l

    ----------------------------------------------------------------------
         8          0          0          0          0        152   Library Totals

    ----------------------------------------------------------------------

==============================================================================


      Code (inc. data)   RO Data    RW Data    ZI Data      Debug   

      3244        908          0       1024          0       5476   Grand Totals
      3244        908          0       1024          0       5476   ELF Image Totals
      3244        908          0       1024          0          0   ROM Totals

==============================================================================

    Total RO  Size (Code + RO Data)                 3244 (   3.17kB)
    Total RW  Size (RW Data + ZI Data)              1024 (   1.00kB)
    Total ROM Size (Code + RO Data + RW Data)       4268 (   4.17kB)

==============================================================================

