


ARM Macro Assembler    Page 1 


    1 00000000         ;*******************************************************
                       ******** 
    2 00000000         ; EQU Directives
    3 00000000         ; These directives do not allocate memory
    4 00000000         ;*******************************************************
                       ********
    5 00000000         ;SYMBOL    DIRECTIVE VALUE   COMMENT
    6 00000000         
    7 00000000         
    8 00000000 40005008 
                       OUT_PORTB_DC
                               EQU              0x40005008  ;00000010
    9 00000000 40005004 
                       OUT_PORTB_RESET
                               EQU              0x40005004  ;00000001
   10 00000000 40008008 
                       SSI0_DR EQU              0x40008008
   11 00000000 4000800C 
                       SSI0_SR EQU              0x4000800C
   12 00000000         
   13 00000000 20000400 
                       EMPTY_FIELD
                               EQU              0x20000400  ;400-5F7
   14 00000000 20000600 
                       PLAYFIELD
                               EQU              0x20000600  ;600-7F7
   15 00000000 20000800 
                       SHIP_EMPTY
                               EQU              0x20000800  ;800-807
   16 00000000 20000808 
                       SHIP_CIVIL
                               EQU              0x20000808  ;808-80F
   17 00000000 20000810 
                       SHIP_BATTLE
                               EQU              0x20000810  ;810-817
   18 00000000 20001000 
                       OLD_SHIP_LOC_X
                               EQU              0x20001000  ;1000
   19 00000000 20001001 
                       OLD_SHIP_LOC_Y
                               EQU              0x20001001  ;1001 
   20 00000000 20001100 
                       SHIP_MEMO
                               EQU              0x20001100  ;1100-1149
   21 00000000 20001150 
                       CURSOR_MEMO
                               EQU              0x20001150  ;1150-1199
   22 00000000         
   23 00000000         ;*******************************************************
                       ********
   24 00000000         ; Directives - This Data Section is part of the code
   25 00000000         ; It is in the read only section  so values cannot be ch
                       anged.
   26 00000000         ;*******************************************************
                       ******** 
   27 00000000         ;LABEL  DIRECTIVE VALUE     COMMENT
   28 00000000                 AREA             sdata, DATA, READONLY
   29 00000000                 THUMB
   30 00000000         



ARM Macro Assembler    Page 2 


   31 00000000         ;*******************************************************
                       ********
   32 00000000         ; Program section           
   33 00000000         ;*******************************************************
                       ********
   34 00000000         ;LABEL  DIRECTIVE VALUE     COMMENT
   35 00000000                 AREA             main, READONLY, CODE, ALIGN=2
   36 00000000                 THUMB
   37 00000000         
   38 00000000                 EXTERN           EMP_FIELD
   39 00000000                 EXTERN           SPI_CONFIG
   40 00000000                 EXTERN           SCREEN_INIT
   41 00000000                 EXTERN           DELAY_100ms
   42 00000000                 EXTERN           DELAY_1ms
   43 00000000                 EXTERN           IREM_CO
   44 00000000                 EXTERN           DATA_WRITE
   45 00000000                 EXTERN           INIT_SYSTICK
   46 00000000                 EXTERN           My_SYSTICK
   47 00000000                 EXTERN           ADDRESS_CHANGE
   48 00000000                 EXTERN           PUSHBUTTON
   49 00000000                 EXTERN           PORTF_INIT
   50 00000000                 EXTERN           ADC_INIT
   51 00000000                 EXTERN           WINNER
   52 00000000                 EXTERN           WINORLOSE
   53 00000000                 EXTERN           PLAYER2_PUSHBUTTON
   54 00000000                 EXTERN           MEMORY_MAP
   55 00000000                 EXTERN           ADC_READ_SHIP
   56 00000000                 EXTERN           PLAYER_1
   57 00000000                 EXTERN           PLAYER_2
   58 00000000                 EXTERN           PLAYER2S_TURN
   59 00000000                 EXTERN           PLAYER1S_TURN
   60 00000000                 EXPORT           __main      ; Make available
   61 00000000         
   62 00000000         ;*******************************************************
                       ********
   63 00000000         ; Main Function
   64 00000000         ; CE - PA3
   65 00000000         ; Din- PA5
   66 00000000         ; CLK- PA2
   67 00000000         ; RST- PB0
   68 00000000         ; DC - PB1
   69 00000000         ;   PE1- ADC XDATA POT
   70 00000000         ;  PE2- ADC YDATA POT
   71 00000000         ;*******************************************************
                       ******** 
   72 00000000         ;LABEL  DIRECTIVE VALUE     COMMENT
   73 00000000         __main  PROC
   74 00000000 F7FF FFFE       BL               MEMORY_MAP
   75 00000004 F7FF FFFE       BL               SPI_CONFIG
   76 00000008 F7FF FFFE       BL               SCREEN_INIT
   77 0000000C F7FF FFFE       BL               ADC_INIT
   78 00000010 F7FF FFFE       BL               PORTF_INIT
   79 00000014         
   80 00000014         
   81 00000014 F04F 0400       LDR              R4, = 0x00
   82 00000018 F7FF FFFE       BL               ADDRESS_CHANGE
   83 0000001C         
   84 0000001C F44F 70FC       LDR              R0,=0x1F8
   85 00000020 4D08            LDR              R5,=EMPTY_FIELD



ARM Macro Assembler    Page 3 


   86 00000022 F815 4B01 
                       LOOP    LDRB             R4,[R5],#1
   87 00000026 F7FF FFFE       BL               DATA_WRITE
   88 0000002A 1E40            SUBS             R0,R0,#1
   89 0000002C D1F9            BNE              LOOP
   90 0000002E         
   91 0000002E F7FF FFFE       BL               PLAYER1S_TURN
   92 00000032 F7FF FFFE       BL               PLAYER_1
   93 00000036 F7FF FFFE       BL               PLAYER2S_TURN
   94 0000003A F7FF FFFE       BL               PLAYER_2
   95 0000003E F7FF FFFE       BL               WINORLOSE
   96 00000042         
   97 00000042         
   98 00000042         END_code
   99 00000042 E7FE            B                __main
  100 00000044         
  101 00000044         ;*******************************************************
                       ********
  102 00000044         ; End of the program  section
  103 00000044         ;*******************************************************
                       ********
  104 00000044         ;LABEL      DIRECTIVE       VALUE                       
                           COMMENT
  105 00000044                 ENDP
  106 00000044                 ALIGN
  107 00000044                 END
              20000400 
Command Line: --debug --xref --diag_suppress=9931 --cpu=Cortex-M4.fp --apcs=int
erwork --depend=.\objects\main.d -o.\objects\main.o -I.\RTE\_Target_1 -IC:\Keil
_v5\ARM\PACK\Keil\TM4C_DFP\1.1.0\Device\Include\TM4C123 -IC:\Keil_v5\ARM\CMSIS\
Include --predefine="__EVAL SETA 1" --predefine="__UVISION_VERSION SETA 526" --
predefine="TM4C123GH6PM SETA 1" --list=.\listings\main.lst Main.s



ARM Macro Assembler    Page 1 Alphabetic symbol ordering
Relocatable symbols

sdata 00000000

Symbol: sdata
   Definitions
      At line 28 in file Main.s
   Uses
      None
Comment: sdata unused
1 symbol



ARM Macro Assembler    Page 1 Alphabetic symbol ordering
Relocatable symbols

END_code 00000042

Symbol: END_code
   Definitions
      At line 98 in file Main.s
   Uses
      None
Comment: END_code unused
LOOP 00000022

Symbol: LOOP
   Definitions
      At line 86 in file Main.s
   Uses
      At line 89 in file Main.s
Comment: LOOP used once
__main 00000000

Symbol: __main
   Definitions
      At line 73 in file Main.s
   Uses
      At line 60 in file Main.s
      At line 99 in file Main.s

main 00000000

Symbol: main
   Definitions
      At line 35 in file Main.s
   Uses
      None
Comment: main unused
4 symbols



ARM Macro Assembler    Page 1 Alphabetic symbol ordering
Absolute symbols

CURSOR_MEMO 20001150

Symbol: CURSOR_MEMO
   Definitions
      At line 21 in file Main.s
   Uses
      None
Comment: CURSOR_MEMO unused
EMPTY_FIELD 20000400

Symbol: EMPTY_FIELD
   Definitions
      At line 13 in file Main.s
   Uses
      At line 85 in file Main.s
Comment: EMPTY_FIELD used once
OLD_SHIP_LOC_X 20001000

Symbol: OLD_SHIP_LOC_X
   Definitions
      At line 18 in file Main.s
   Uses
      None
Comment: OLD_SHIP_LOC_X unused
OLD_SHIP_LOC_Y 20001001

Symbol: OLD_SHIP_LOC_Y
   Definitions
      At line 19 in file Main.s
   Uses
      None
Comment: OLD_SHIP_LOC_Y unused
OUT_PORTB_DC 40005008

Symbol: OUT_PORTB_DC
   Definitions
      At line 8 in file Main.s
   Uses
      None
Comment: OUT_PORTB_DC unused
OUT_PORTB_RESET 40005004

Symbol: OUT_PORTB_RESET
   Definitions
      At line 9 in file Main.s
   Uses
      None
Comment: OUT_PORTB_RESET unused
PLAYFIELD 20000600

Symbol: PLAYFIELD
   Definitions
      At line 14 in file Main.s
   Uses
      None
Comment: PLAYFIELD unused
SHIP_BATTLE 20000810

Symbol: SHIP_BATTLE



ARM Macro Assembler    Page 2 Alphabetic symbol ordering
Absolute symbols

   Definitions
      At line 17 in file Main.s
   Uses
      None
Comment: SHIP_BATTLE unused
SHIP_CIVIL 20000808

Symbol: SHIP_CIVIL
   Definitions
      At line 16 in file Main.s
   Uses
      None
Comment: SHIP_CIVIL unused
SHIP_EMPTY 20000800

Symbol: SHIP_EMPTY
   Definitions
      At line 15 in file Main.s
   Uses
      None
Comment: SHIP_EMPTY unused
SHIP_MEMO 20001100

Symbol: SHIP_MEMO
   Definitions
      At line 20 in file Main.s
   Uses
      None
Comment: SHIP_MEMO unused
SSI0_DR 40008008

Symbol: SSI0_DR
   Definitions
      At line 10 in file Main.s
   Uses
      None
Comment: SSI0_DR unused
SSI0_SR 4000800C

Symbol: SSI0_SR
   Definitions
      At line 11 in file Main.s
   Uses
      None
Comment: SSI0_SR unused
13 symbols



ARM Macro Assembler    Page 1 Alphabetic symbol ordering
External symbols

ADC_INIT 00000000

Symbol: ADC_INIT
   Definitions
      At line 50 in file Main.s
   Uses
      At line 77 in file Main.s
Comment: ADC_INIT used once
ADC_READ_SHIP 00000000

Symbol: ADC_READ_SHIP
   Definitions
      At line 55 in file Main.s
   Uses
      None
Comment: ADC_READ_SHIP unused
ADDRESS_CHANGE 00000000

Symbol: ADDRESS_CHANGE
   Definitions
      At line 47 in file Main.s
   Uses
      At line 82 in file Main.s
Comment: ADDRESS_CHANGE used once
DATA_WRITE 00000000

Symbol: DATA_WRITE
   Definitions
      At line 44 in file Main.s
   Uses
      At line 87 in file Main.s
Comment: DATA_WRITE used once
DELAY_100ms 00000000

Symbol: DELAY_100ms
   Definitions
      At line 41 in file Main.s
   Uses
      None
Comment: DELAY_100ms unused
DELAY_1ms 00000000

Symbol: DELAY_1ms
   Definitions
      At line 42 in file Main.s
   Uses
      None
Comment: DELAY_1ms unused
EMP_FIELD 00000000

Symbol: EMP_FIELD
   Definitions
      At line 38 in file Main.s
   Uses
      None
Comment: EMP_FIELD unused
INIT_SYSTICK 00000000

Symbol: INIT_SYSTICK



ARM Macro Assembler    Page 2 Alphabetic symbol ordering
External symbols

   Definitions
      At line 45 in file Main.s
   Uses
      None
Comment: INIT_SYSTICK unused
IREM_CO 00000000

Symbol: IREM_CO
   Definitions
      At line 43 in file Main.s
   Uses
      None
Comment: IREM_CO unused
MEMORY_MAP 00000000

Symbol: MEMORY_MAP
   Definitions
      At line 54 in file Main.s
   Uses
      At line 74 in file Main.s
Comment: MEMORY_MAP used once
My_SYSTICK 00000000

Symbol: My_SYSTICK
   Definitions
      At line 46 in file Main.s
   Uses
      None
Comment: My_SYSTICK unused
PLAYER1S_TURN 00000000

Symbol: PLAYER1S_TURN
   Definitions
      At line 59 in file Main.s
   Uses
      At line 91 in file Main.s
Comment: PLAYER1S_TURN used once
PLAYER2S_TURN 00000000

Symbol: PLAYER2S_TURN
   Definitions
      At line 58 in file Main.s
   Uses
      At line 93 in file Main.s
Comment: PLAYER2S_TURN used once
PLAYER2_PUSHBUTTON 00000000

Symbol: PLAYER2_PUSHBUTTON
   Definitions
      At line 53 in file Main.s
   Uses
      None
Comment: PLAYER2_PUSHBUTTON unused
PLAYER_1 00000000

Symbol: PLAYER_1
   Definitions
      At line 56 in file Main.s
   Uses



ARM Macro Assembler    Page 3 Alphabetic symbol ordering
External symbols

      At line 92 in file Main.s
Comment: PLAYER_1 used once
PLAYER_2 00000000

Symbol: PLAYER_2
   Definitions
      At line 57 in file Main.s
   Uses
      At line 94 in file Main.s
Comment: PLAYER_2 used once
PORTF_INIT 00000000

Symbol: PORTF_INIT
   Definitions
      At line 49 in file Main.s
   Uses
      At line 78 in file Main.s
Comment: PORTF_INIT used once
PUSHBUTTON 00000000

Symbol: PUSHBUTTON
   Definitions
      At line 48 in file Main.s
   Uses
      None
Comment: PUSHBUTTON unused
SCREEN_INIT 00000000

Symbol: SCREEN_INIT
   Definitions
      At line 40 in file Main.s
   Uses
      At line 76 in file Main.s
Comment: SCREEN_INIT used once
SPI_CONFIG 00000000

Symbol: SPI_CONFIG
   Definitions
      At line 39 in file Main.s
   Uses
      At line 75 in file Main.s
Comment: SPI_CONFIG used once
WINNER 00000000

Symbol: WINNER
   Definitions
      At line 51 in file Main.s
   Uses
      None
Comment: WINNER unused
WINORLOSE 00000000

Symbol: WINORLOSE
   Definitions
      At line 52 in file Main.s
   Uses
      At line 95 in file Main.s
Comment: WINORLOSE used once
22 symbols



ARM Macro Assembler    Page 4 Alphabetic symbol ordering
External symbols

376 symbols in table
