


ARM Macro Assembler    Page 1 


    1 00000000 40005008 
                       OUT_PORTB_DC
                               EQU              0x40005008  ;00000010
    2 00000000         ;LABEL  DIRECTIVE VALUE     COMMENT
    3 00000000                 AREA             routines,READONLY,CODE
    4 00000000                 THUMB
    5 00000000                 ALIGN
    6 00000000                 EXTERN           DELAY_1ms
    7 00000000                 EXTERN           DELAY_100ms
    8 00000000                 EXTERN           DATA_WRITE
    9 00000000                 EXTERN           ADDRESS_CHANGE
   10 00000000                 EXPORT           WINNER
   11 00000000         
   12 00000000         ;*******************************************************
                       ********
   13 00000000         ; YOU WIN!! IS GOING TO BE SHOWN ON SCREEN
   14 00000000         ; 
   15 00000000         ; 
   16 00000000         ;*******************************************************
                       ******** 
   17 00000000         ;LABEL  DIRECTIVE VALUE     COMMENT
   18 00000000         
   19 00000000         WINNER  PROC
   20 00000000         
   21 00000000 B500            PUSH             {LR}
   22 00000002 F44F 7616       MOV              R6,#600
   23 00000006 F04F 0400 
                       loop    MOV              R4,#0x00
   24 0000000A F7FF FFFE       BL               DATA_WRITE
   25 0000000E 1E76            SUBS             R6,R6,#1
   26 00000010 D1F9            BNE              loop
   27 00000012         
   28 00000012         
   29 00000012         ;MOV R4,r8  ;;trial for 
   30 00000012         
   31 00000012         
   32 00000012 F240 2415       LDR              R4,=0x0215
   33 00000016 F7FF FFFE       BL               ADDRESS_CHANGE
   34 0000001A         
   35 0000001A         
   36 0000001A         ;{0x07, 0x08, 0x70, 0x08, 0x07} // 59 Y
   37 0000001A F04F 0407       MOV              R4, #0x07
   38 0000001E F7FF FFFE       BL               DATA_WRITE
   39 00000022 F04F 0408       MOV              r4,#0x08
   40 00000026 F7FF FFFE       BL               DATA_WRITE
   41 0000002A F04F 0470       MOV              R4, #0x70
   42 0000002E F7FF FFFE       BL               DATA_WRITE
   43 00000032 F04F 0408       MOV              R4, #0x08
   44 00000036 F7FF FFFE       BL               DATA_WRITE
   45 0000003A F04F 0407       MOV              R4, #0x07
   46 0000003E F7FF FFFE       BL               DATA_WRITE
   47 00000042         
   48 00000042         
   49 00000042         ;0x3e, 0x41, 0x41, 0x41, 0x3e} // 4f O
   50 00000042         
   51 00000042 F04F 043E       MOV              R4, #0x3E
   52 00000046 F7FF FFFE       BL               DATA_WRITE
   53 0000004A F04F 0441       MOV              r4,#0x41
   54 0000004E F7FF FFFE       BL               DATA_WRITE



ARM Macro Assembler    Page 2 


   55 00000052 F04F 0441       MOV              R4, #0x41
   56 00000056 F7FF FFFE       BL               DATA_WRITE
   57 0000005A F04F 0441       MOV              R4, #0x41
   58 0000005E F7FF FFFE       BL               DATA_WRITE
   59 00000062 F04F 043E       MOV              R4, #0x3E
   60 00000066 F7FF FFFE       BL               DATA_WRITE
   61 0000006A         ;{0x3f, 0x40, 0x40, 0x40, 0x3f} // 55 U
   62 0000006A F04F 043F       MOV              R4, #0x3F
   63 0000006E F7FF FFFE       BL               DATA_WRITE
   64 00000072 F04F 0440       MOV              r4,#0x40
   65 00000076 F7FF FFFE       BL               DATA_WRITE
   66 0000007A F04F 0440       MOV              R4, #0x40
   67 0000007E F7FF FFFE       BL               DATA_WRITE
   68 00000082 F04F 0440       MOV              R4, #0x40
   69 00000086 F7FF FFFE       BL               DATA_WRITE
   70 0000008A F04F 043F       MOV              R4, #0x3F
   71 0000008E F7FF FFFE       BL               DATA_WRITE
   72 00000092         
   73 00000092 F04F 0400       MOV              R4 , #00
   74 00000096 F7FF FFFE       BL               DATA_WRITE
   75 0000009A F04F 0400       MOV              R4 , #00
   76 0000009E F7FF FFFE       BL               DATA_WRITE
   77 000000A2 F04F 0400       MOV              R4 , #00
   78 000000A6 F7FF FFFE       BL               DATA_WRITE
   79 000000AA F04F 0400       MOV              R4 , #00
   80 000000AE F7FF FFFE       BL               DATA_WRITE
   81 000000B2 F04F 0400       MOV              R4 , #00
   82 000000B6 F7FF FFFE       BL               DATA_WRITE
   83 000000BA         
   84 000000BA         
   85 000000BA         
   86 000000BA         ;{0x3f, 0x40, 0x38, 0x40, 0x3f} // 57 W
   87 000000BA F04F 043F       MOV              R4, #0x3F
   88 000000BE F7FF FFFE       BL               DATA_WRITE
   89 000000C2 F04F 0440       MOV              r4,#0x40
   90 000000C6 F7FF FFFE       BL               DATA_WRITE
   91 000000CA F04F 0438       MOV              R4, #0x38
   92 000000CE F7FF FFFE       BL               DATA_WRITE
   93 000000D2 F04F 0440       MOV              R4, #0x40
   94 000000D6 F7FF FFFE       BL               DATA_WRITE
   95 000000DA F04F 043F       MOV              R4, #0x3F
   96 000000DE F7FF FFFE       BL               DATA_WRITE
   97 000000E2         ;{0x00, 0x41, 0x7f, 0x41, 0x00} // 49 I
   98 000000E2         
   99 000000E2 F04F 0400       MOV              R4, #0x00
  100 000000E6 F7FF FFFE       BL               DATA_WRITE
  101 000000EA F04F 0441       MOV              r4,#0x41
  102 000000EE F7FF FFFE       BL               DATA_WRITE
  103 000000F2 F04F 047F       MOV              R4, #0x7F
  104 000000F6 F7FF FFFE       BL               DATA_WRITE
  105 000000FA F04F 0441       MOV              R4, #0x41
  106 000000FE F7FF FFFE       BL               DATA_WRITE
  107 00000102 F04F 0400       MOV              R4, #0x00
  108 00000106 F7FF FFFE       BL               DATA_WRITE
  109 0000010A         
  110 0000010A         ;{0x7f, 0x04, 0x08, 0x10, 0x7f} // 4e N  
  111 0000010A         
  112 0000010A F04F 047F       MOV              R4, #0x7F
  113 0000010E F7FF FFFE       BL               DATA_WRITE



ARM Macro Assembler    Page 3 


  114 00000112 F04F 0404       MOV              r4,#0x04
  115 00000116 F7FF FFFE       BL               DATA_WRITE
  116 0000011A F04F 0408       MOV              R4, #0x08
  117 0000011E F7FF FFFE       BL               DATA_WRITE
  118 00000122 F04F 0410       MOV              R4, #0x10
  119 00000126 F7FF FFFE       BL               DATA_WRITE
  120 0000012A F04F 047F       MOV              R4, #0x7F
  121 0000012E F7FF FFFE       BL               DATA_WRITE
  122 00000132         
  123 00000132         ;{0x00, 0x00, 0x5f, 0x00, 0x00} // 21 !
  124 00000132         
  125 00000132 F04F 0400       MOV              R4, #0x00
  126 00000136 F7FF FFFE       BL               DATA_WRITE
  127 0000013A F04F 0400       MOV              r4,#0x00
  128 0000013E F7FF FFFE       BL               DATA_WRITE
  129 00000142 F04F 045F       MOV              R4, #0x5F
  130 00000146 F7FF FFFE       BL               DATA_WRITE
  131 0000014A F04F 0400       MOV              R4, #0x00
  132 0000014E F7FF FFFE       BL               DATA_WRITE
  133 00000152 F04F 0400       MOV              R4, #0x00
  134 00000156 F7FF FFFE       BL               DATA_WRITE
  135 0000015A         
  136 0000015A F04F 0400       MOV              R4, #0x00
  137 0000015E F7FF FFFE       BL               DATA_WRITE
  138 00000162 F04F 0400       MOV              r4,#0x00
  139 00000166 F7FF FFFE       BL               DATA_WRITE
  140 0000016A F04F 045F       MOV              R4, #0x5F
  141 0000016E F7FF FFFE       BL               DATA_WRITE
  142 00000172 F04F 0400       MOV              R4, #0x00
  143 00000176 F7FF FFFE       BL               DATA_WRITE
  144 0000017A F04F 0400       MOV              R4, #0x00
  145 0000017E F7FF FFFE       BL               DATA_WRITE
  146 00000182 F04F 0400       MOV              R4, #0x00
  147 00000186 F7FF FFFE       BL               DATA_WRITE
  148 0000018A F04F 0400       MOV              r4,#0x00
  149 0000018E F7FF FFFE       BL               DATA_WRITE
  150 00000192 F04F 045F       MOV              R4, #0x5F
  151 00000196 F7FF FFFE       BL               DATA_WRITE
  152 0000019A F04F 0400       MOV              R4, #0x00
  153 0000019E F7FF FFFE       BL               DATA_WRITE
  154 000001A2 F04F 0400       MOV              R4, #0x00
  155 000001A6 F7FF FFFE       BL               DATA_WRITE
  156 000001AA         
  157 000001AA         
  158 000001AA         
  159 000001AA         
  160 000001AA F85D EB04       POP              {LR}
  161 000001AE 4770            BX               LR
  162 000001B0                 ENDP
  163 000001B0                 ALIGN
  164 000001B0                 END
Command Line: --debug --xref --diag_suppress=9931 --cpu=Cortex-M4.fp --apcs=int
erwork --depend=.\objects\winner.d -o.\objects\winner.o -I.\RTE\_Target_1 -ID:\
Work\ARM\PACK\Keil\TM4C_DFP\1.1.0\Device\Include\TM4C123 -ID:\Work\ARM\CMSIS\In
clude --predefine="__EVAL SETA 1" --predefine="__UVISION_VERSION SETA 526" --pr
edefine="TM4C123GH6PM SETA 1" --list=.\listings\winner.lst winner.s



ARM Macro Assembler    Page 1 Alphabetic symbol ordering
Relocatable symbols

WINNER 00000000

Symbol: WINNER
   Definitions
      At line 19 in file winner.s
   Uses
      At line 10 in file winner.s
Comment: WINNER used once
loop 00000006

Symbol: loop
   Definitions
      At line 23 in file winner.s
   Uses
      At line 26 in file winner.s
Comment: loop used once
routines 00000000

Symbol: routines
   Definitions
      At line 3 in file winner.s
   Uses
      None
Comment: routines unused
3 symbols



ARM Macro Assembler    Page 1 Alphabetic symbol ordering
Absolute symbols

OUT_PORTB_DC 40005008

Symbol: OUT_PORTB_DC
   Definitions
      At line 1 in file winner.s
   Uses
      None
Comment: OUT_PORTB_DC unused
1 symbol



ARM Macro Assembler    Page 1 Alphabetic symbol ordering
External symbols

ADDRESS_CHANGE 00000000

Symbol: ADDRESS_CHANGE
   Definitions
      At line 9 in file winner.s
   Uses
      At line 33 in file winner.s
Comment: ADDRESS_CHANGE used once
DATA_WRITE 00000000

Symbol: DATA_WRITE
   Definitions
      At line 8 in file winner.s
   Uses
      At line 24 in file winner.s
      At line 38 in file winner.s
      At line 40 in file winner.s
      At line 42 in file winner.s
      At line 44 in file winner.s
      At line 46 in file winner.s
      At line 52 in file winner.s
      At line 54 in file winner.s
      At line 56 in file winner.s
      At line 58 in file winner.s
      At line 60 in file winner.s
      At line 63 in file winner.s
      At line 65 in file winner.s
      At line 67 in file winner.s
      At line 69 in file winner.s
      At line 71 in file winner.s
      At line 74 in file winner.s
      At line 76 in file winner.s
      At line 78 in file winner.s
      At line 80 in file winner.s
      At line 82 in file winner.s
      At line 88 in file winner.s
      At line 90 in file winner.s
      At line 92 in file winner.s
      At line 94 in file winner.s
      At line 96 in file winner.s
      At line 100 in file winner.s
      At line 102 in file winner.s
      At line 104 in file winner.s
      At line 106 in file winner.s
      At line 108 in file winner.s
      At line 113 in file winner.s
      At line 115 in file winner.s
      At line 117 in file winner.s
      At line 119 in file winner.s
      At line 121 in file winner.s
      At line 126 in file winner.s
      At line 128 in file winner.s
      At line 130 in file winner.s
      At line 132 in file winner.s
      At line 134 in file winner.s
      At line 137 in file winner.s
      At line 139 in file winner.s
      At line 141 in file winner.s
      At line 143 in file winner.s



ARM Macro Assembler    Page 2 Alphabetic symbol ordering
External symbols

      At line 145 in file winner.s
      At line 147 in file winner.s
      At line 149 in file winner.s
      At line 151 in file winner.s
      At line 153 in file winner.s
      At line 155 in file winner.s

DELAY_100ms 00000000

Symbol: DELAY_100ms
   Definitions
      At line 7 in file winner.s
   Uses
      None
Comment: DELAY_100ms unused
DELAY_1ms 00000000

Symbol: DELAY_1ms
   Definitions
      At line 6 in file winner.s
   Uses
      None
Comment: DELAY_1ms unused
4 symbols
342 symbols in table
