


ARM Macro Assembler    Page 1 


    1 00000000         ;*******************************************************
                       ******** 
    2 00000000         ; EQU Directives
    3 00000000         ; These directives do not allocate memory
    4 00000000         ;*******************************************************
                       ********
    5 00000000         ;SYMBOL    DIRECTIVE VALUE   COMMENT
    6 00000000 E000E010 
                       NVIC_ST_CTRL
                               EQU              0xE000E010
    7 00000000 E000E014 
                       NVIC_ST_RELOAD
                               EQU              0xE000E014
    8 00000000 E000E018 
                       NVIC_ST_CURRENT
                               EQU              0xE000E018
    9 00000000         ;SHP_SYSPRI3   EQU   0xE000ED20
   10 00000000 01499999 
                       RELOAD_VALUE
                               EQU              0x1499999   ;;; 1 saniye için d
                                                            egistir sonra
   11 00000000 00000000 
                       RELOAD_0
                               EQU              0x00000000
   12 00000000 400053C0 
                       GPIO_PORTB_IN
                               EQU              0x400053C0  ; B3 to B0
   13 00000000 4000503C 
                       GPIO_PORTB_OUT
                               EQU              0x4000503C  ; B7 to B4
   14 00000000 20000400 
                       Field_Address
                               EQU              0x20000400
   15 00000000         
   16 00000000 40005008 
                       OUT_PORTB_DC
                               EQU              0x40005008  ;00000010
   17 00000000 40005004 
                       OUT_PORTB_RESET
                               EQU              0x40005004  ;00000001
   18 00000000 40008008 
                       SSI0_DR EQU              0x40008008
   19 00000000 4000800C 
                       SSI0_SR EQU              0x4000800C
   20 00000000         
   21 00000000         ;*******************************************************
                       ********
   22 00000000         ; Program section           
   23 00000000         ;*******************************************************
                       ********
   24 00000000         ;LABEL  DIRECTIVE VALUE     COMMENT
   25 00000000                 AREA             routines, CODE, READONLY, ALIGN
=2
   26 00000000                 THUMB
   27 00000000                 EXPORT           INIT_SYSTICK
   28 00000000                 EXTERN           DATA_WRITE
   29 00000000                 EXTERN           ADDRESS_CHANGE
   30 00000000                 EXTERN           DELAY_1ms
   31 00000000         ;*******************************************************



ARM Macro Assembler    Page 2 


                       ********
   32 00000000         ;  INITIALIZE SYSTICK 
   33 00000000         ;  THIS CODE SECTION INITIALIZE SYSTICK OPERATION FOR TI
                       MER FROM 20-0
   34 00000000         
   35 00000000         ;*******************************************************
                       ******** 
   36 00000000         ;LABEL  DIRECTIVE VALUE     COMMENT
   37 00000000         INIT_SYSTICK
                               PROC
   38 00000000         
   39 00000000 B500            PUSH             {LR}
   40 00000002         
   41 00000002 499C            LDR              R1,=NVIC_ST_CTRL
   42 00000004 F04F 0000       MOV              R0,#0
   43 00000008 6008            STR              R0,[R1]
   44 0000000A 499B            LDR              R1,=NVIC_ST_RELOAD
   45 0000000C 489B            LDR              R0,=RELOAD_VALUE
   46 0000000E 6008            STR              R0,[R1]
   47 00000010 499B            LDR              R1,=NVIC_ST_CURRENT
   48 00000012 6008            STR              R0,[R1]
   49 00000014 4997            LDR              R1,=NVIC_ST_CTRL
   50 00000016 F04F 0003       MOV              R0,#0x03
   51 0000001A 6008            STR              R0,[R1]
   52 0000001C F04F 0915       MOV              R9,#21      ;
   53 00000020         
   54 00000020         
   55 00000020         
   56 00000020 F85D EB04       POP              {LR}
   57 00000024 4770            BX               LR
   58 00000026                 ENDP
   59 00000026         
   60 00000026         
   61 00000026         ;*******************************************************
                       ********
   62 00000026         ;  My_SYSTICK CODE WORKS FOR COUNTING DOWNWARD AND SHOW 
                       IT ON THE SCREEEN ACCORDINGLY 
   63 00000026         ;  To retain the past location of the cursor address we 
                       use R6
   64 00000026         ;*******************************************************
                       ******** 
   65 00000026         ;LABEL  DIRECTIVE VALUE     COMMENT
   66 00000026         
   67 00000026                 EXTERN           WINNER      ; EXTERN THE SUBSYT
                                                            EMS USED UN THIS MO
                                                            DULE
   68 00000026                 EXTERN           LOSER
   69 00000026                 EXTERN           WINORLOSE
   70 00000026                 EXTERN           END_CASE
   71 00000026                 EXPORT           My_SYSTICK
   72 00000026         
   73 00000026         ;*******************************************************
                       ******** 
   74 00000026         ;LABEL  DIRECTIVE VALUE     COMMENT 
   75 00000026         My_SYSTICK
                               PROC
   76 00000026         
   77 00000026 B500            PUSH             {LR}
   78 00000028 B47F            PUSH             {R0- R6}    ; PUSHES IMPORTANT 



ARM Macro Assembler    Page 3 


                                                            VALUES
   79 0000002A         
   80 0000002A F04F 0B01       MOV              R11, #1     ; FLAG FOR SECOND D
                                                            IGIT  
   81 0000002E         ; INITIALIZE THE FLAG TO 1 IN ORDER TO WRITE 2 DIGITS EV
                       ERY OPERATION
   82 0000002E F1B9 0F00       CMP              R9, #0      ; R9 keeps the valu
                                                            e from 20 to 0
   83 00000032 D10E            BNE              cont        ; if R9 is 0 clear 
                                                            the screen 
   84 00000034 498F            LDR              R1 , =NVIC_ST_CTRL ; AFTER 20 S
                                                            ECONDS DISABLE THE 
                                                            SYSTICK TIMER
   85 00000036 F04F 0000       MOV              R0 , #0
   86 0000003A 6008            STR              R0 , [ R1 ]
   87 0000003C 498E            LDR              R1,=NVIC_ST_RELOAD
   88 0000003E F04F 0000       LDR              R0,=RELOAD_0
   89 00000042 6008            STR              R0,[R1]
   90 00000044 498E            LDR              R1,=NVIC_ST_CURRENT
   91 00000046 6008            STR              R0,[R1]
   92 00000048 F04F 0915       MOV              R9, #21     ; If R9 is 0 mov R9
                                                             =20 again and end 
                                                            the operation
   93 0000004C         
   94 0000004C F7FF FFFE       BL               END_CASE    ; BRANCH TO THE DEC
                                                            ISON SUBMODULE FOR 
                                                            WINLOSE CONDUTION 
   95 00000050         
   96 00000050 E10B            B                FINISH      ; TO END THIS SUBMO
                                                            DULE AFTER THE END 
                                                            OF THE OPERATION
   97 00000052         
   98 00000052         
   99 00000052 F1A9 0901 
                       cont    SUB              R9,#1       ; substract R9 
  100 00000056 F04F 0A0A       MOV              R10,#10
  101 0000005A FBB9 F8FA       UDIV             R8,R9,R10   ; R8 keeps the firs
                                                            t data which is eit
                                                            her 0 1 2
  102 0000005E FB08 F00A       MUL              R0,R8,R10
  103 00000062 EBA9 0000       SUB              R0,R9,R0    ; R0 keeps the seco
                                                            nd value
  104 00000066         
  105 00000066 F04F 0447       LDR              R4,=0x0047
  106 0000006A F7FF FFFE       BL               ADDRESS_CHANGE ; GO TO TOP RIGH
                                                            T CORNER
  107 0000006E         
  108 0000006E F1B8 0F02       CMP              R8, #2      ; FIND THE FIRST AN
                                                            D SECOND DIGIT BY C
                                                            OMPARING
  109 00000072 D02F            BEQ              write2
  110 00000074 F1B8 0F01       CMP              R8,#1
  111 00000078 D017            BEQ              write1
  112 0000007A F1B8 0F00       CMP              R8, #0
  113 0000007E D0FF            BEQ              write0
  114 00000080         
  115 00000080 F04F 043E 
                       write0  MOV              R4, #0x3e
  116 00000084 F7FF FFFE       BL               DATA_WRITE



ARM Macro Assembler    Page 4 


  117 00000088 F04F 0451       MOV              R4,#0x51
  118 0000008C F7FF FFFE       BL               DATA_WRITE
  119 00000090 F04F 0449       MOV              R4, #0x49
  120 00000094 F7FF FFFE       BL               DATA_WRITE
  121 00000098 F04F 0445       MOV              R4, #0x45
  122 0000009C F7FF FFFE       BL               DATA_WRITE
  123 000000A0 F04F 043E       MOV              R4, #0x3e
  124 000000A4 F7FF FFFE       BL               DATA_WRITE
  125 000000A8 E0BC            B                writebosluk
  126 000000AA         
  127 000000AA F04F 0400 
                       write1  MOV              R4, #0x00
  128 000000AE F7FF FFFE       BL               DATA_WRITE
  129 000000B2 F04F 0442       MOV              R4,#0x42
  130 000000B6 F7FF FFFE       BL               DATA_WRITE
  131 000000BA F04F 047F       MOV              R4, #0x7F
  132 000000BE F7FF FFFE       BL               DATA_WRITE
  133 000000C2 F04F 0440       MOV              R4, #0x40
  134 000000C6 F7FF FFFE       BL               DATA_WRITE
  135 000000CA F04F 0400       MOV              R4, #0x00
  136 000000CE F7FF FFFE       BL               DATA_WRITE
  137 000000D2 E0A7            B                writebosluk
  138 000000D4         
  139 000000D4 F04F 0442 
                       write2  MOV              R4, #0x42
  140 000000D8 F7FF FFFE       BL               DATA_WRITE
  141 000000DC F04F 0461       MOV              R4,#0x61
  142 000000E0 F7FF FFFE       BL               DATA_WRITE
  143 000000E4 F04F 0451       MOV              R4, #0x51
  144 000000E8 F7FF FFFE       BL               DATA_WRITE
  145 000000EC F04F 0449       MOV              R4, #0x49
  146 000000F0 F7FF FFFE       BL               DATA_WRITE
  147 000000F4 F04F 0446       MOV              R4, #0x46
  148 000000F8 F7FF FFFE       BL               DATA_WRITE
  149 000000FC E092            B                writebosluk
  150 000000FE         
  151 000000FE         
  152 000000FE F04F 0421 
                       write3  MOV              R4, #0x21
  153 00000102 F7FF FFFE       BL               DATA_WRITE
  154 00000106 F04F 0441       MOV              R4,#0x41
  155 0000010A F7FF FFFE       BL               DATA_WRITE
  156 0000010E F04F 0445       MOV              R4, #0x45
  157 00000112 F7FF FFFE       BL               DATA_WRITE
  158 00000116 F04F 044B       MOV              R4, #0x4b
  159 0000011A F7FF FFFE       BL               DATA_WRITE
  160 0000011E F04F 0431       MOV              R4, #0x31
  161 00000122 F7FF FFFE       BL               DATA_WRITE
  162 00000126 E07D            B                writebosluk
  163 00000128         
  164 00000128 F04F 0418 
                       write4  MOV              R4, #0x18
  165 0000012C F7FF FFFE       BL               DATA_WRITE
  166 00000130 F04F 0414       MOV              R4,#0x14
  167 00000134 F7FF FFFE       BL               DATA_WRITE
  168 00000138 F04F 0412       MOV              R4, #0x12
  169 0000013C F7FF FFFE       BL               DATA_WRITE
  170 00000140 F04F 047F       MOV              R4, #0x7f
  171 00000144 F7FF FFFE       BL               DATA_WRITE



ARM Macro Assembler    Page 5 


  172 00000148 F04F 0410       MOV              R4, #0x10
  173 0000014C F7FF FFFE       BL               DATA_WRITE
  174 00000150 E068            B                writebosluk
  175 00000152         
  176 00000152 F04F 0427 
                       write5  MOV              R4, #0x27
  177 00000156 F7FF FFFE       BL               DATA_WRITE
  178 0000015A F04F 0445       MOV              R4,#0x45
  179 0000015E F7FF FFFE       BL               DATA_WRITE
  180 00000162 F04F 0445       MOV              R4, #0x45
  181 00000166 F7FF FFFE       BL               DATA_WRITE
  182 0000016A F04F 0445       MOV              R4, #0x45
  183 0000016E F7FF FFFE       BL               DATA_WRITE
  184 00000172 F04F 0439       MOV              R4, #0x39
  185 00000176 F7FF FFFE       BL               DATA_WRITE
  186 0000017A E053            B                writebosluk
  187 0000017C         
  188 0000017C         
  189 0000017C F04F 043C 
                       write6  MOV              R4, #0x3c
  190 00000180 F7FF FFFE       BL               DATA_WRITE
  191 00000184 F04F 044A       MOV              R4,#0x4a
  192 00000188 F7FF FFFE       BL               DATA_WRITE
  193 0000018C F04F 0449       MOV              R4, #0x49
  194 00000190 F7FF FFFE       BL               DATA_WRITE
  195 00000194 F04F 0449       MOV              R4, #0x49
  196 00000198 F7FF FFFE       BL               DATA_WRITE
  197 0000019C F04F 0430       MOV              R4, #0x30
  198 000001A0 F7FF FFFE       BL               DATA_WRITE
  199 000001A4 E03E            B                writebosluk
  200 000001A6         
  201 000001A6         
  202 000001A6 F04F 0401 
                       write7  MOV              R4, #0x01
  203 000001AA F7FF FFFE       BL               DATA_WRITE
  204 000001AE F04F 0471       MOV              R4,#0x71
  205 000001B2 F7FF FFFE       BL               DATA_WRITE
  206 000001B6 F04F 0409       MOV              R4, #0x09
  207 000001BA F7FF FFFE       BL               DATA_WRITE
  208 000001BE F04F 0405       MOV              R4, #0x05
  209 000001C2 F7FF FFFE       BL               DATA_WRITE
  210 000001C6 F04F 0403       MOV              R4, #0x03
  211 000001CA F7FF FFFE       BL               DATA_WRITE
  212 000001CE E029            B                writebosluk
  213 000001D0         
  214 000001D0         
  215 000001D0 F04F 0436 
                       write8  MOV              R4, #0x36
  216 000001D4 F7FF FFFE       BL               DATA_WRITE
  217 000001D8 F04F 0449       MOV              R4,#0x49
  218 000001DC F7FF FFFE       BL               DATA_WRITE
  219 000001E0 F04F 0449       MOV              R4, #0x49
  220 000001E4 F7FF FFFE       BL               DATA_WRITE
  221 000001E8 F04F 0449       MOV              R4, #0x49
  222 000001EC F7FF FFFE       BL               DATA_WRITE
  223 000001F0 F04F 0436       MOV              R4, #0x36
  224 000001F4 F7FF FFFE       BL               DATA_WRITE
  225 000001F8 E014            B                writebosluk
  226 000001FA         



ARM Macro Assembler    Page 6 


  227 000001FA         
  228 000001FA F04F 0406 
                       write9  MOV              R4, #0x06
  229 000001FE F7FF FFFE       BL               DATA_WRITE
  230 00000202 F04F 0449       MOV              R4,#0x49
  231 00000206 F7FF FFFE       BL               DATA_WRITE
  232 0000020A F04F 0449       MOV              R4, #0x49
  233 0000020E F7FF FFFE       BL               DATA_WRITE
  234 00000212 F04F 0429       MOV              R4, #0x29
  235 00000216 F7FF FFFE       BL               DATA_WRITE
  236 0000021A F04F 041E       MOV              R4, #0x1e
  237 0000021E F7FF FFFE       BL               DATA_WRITE
  238 00000222 E7FF            B                writebosluk
  239 00000224         
  240 00000224         writebosluk
  241 00000224 F1BB 0F00       CMP              R11, #0     ; CHECK THE FLAG TO
                                                             KNOW IF THE SECOND
                                                             DIGIT PRINTED
  242 00000228 D01F            BEQ              FINISH      ; IF 2 DIGITS PRINT
                                                            ED END THE OPERATIO
                                                            N 
  243 0000022A         
  244 0000022A F04F 0400       MOV              R4, #0x00
  245 0000022E F7FF FFFE       BL               DATA_WRITE
  246 00000232 F1AB 0B01       SUB              R11, #1     ; ELSE PRINT THE SE
                                                            COND DIGIT AND DECR
                                                            EASE THE FLAG
  247 00000236         
  248 00000236 2800            CMP              R0, #0      ;
  249 00000238 F43F AF22       BEQ              write0
  250 0000023C 2801            CMP              R0, #1      ;
  251 0000023E F43F AF34       BEQ              write1
  252 00000242 2802            CMP              R0, #2      ;
  253 00000244 F43F AF46       BEQ              write2
  254 00000248 2803            CMP              R0, #3      ;
  255 0000024A F43F AF58       BEQ              write3
  256 0000024E 2804            CMP              R0, #4      ;
  257 00000250 F43F AF6A       BEQ              write4
  258 00000254 2805            CMP              R0, #5      ;
  259 00000256 F43F AF7C       BEQ              write5
  260 0000025A 2806            CMP              R0, #6      ;
  261 0000025C D08E            BEQ              write6
  262 0000025E 2807            CMP              R0, #7      ;
  263 00000260 D0A1            BEQ              write7
  264 00000262 2808            CMP              R0, #8      ;
  265 00000264 D0B4            BEQ              write8
  266 00000266 2809            CMP              R0, #9      ;
  267 00000268 D0C7            BEQ              write9
  268 0000026A         
  269 0000026A         FINISH                               ;MOV   R4,R7
  270 0000026A         ;BL   ADDRESS_CHANGE
  271 0000026A         
  272 0000026A         
  273 0000026A BC7F            POP              {R0-R6}
  274 0000026C F85D EB04       POP              {LR}
  275 00000270 4770            BX               LR
  276 00000272         
  277 00000272                 ENDP
  278 00000272 00 00           ALIGN



ARM Macro Assembler    Page 7 


  279 00000274                 END
              E000E010 
              E000E014 
              01499999 
              E000E018 
Command Line: --debug --xref --diag_suppress=9931 --cpu=Cortex-M4.fp --apcs=int
erwork --depend=.\objects\systick_timer.d -o.\objects\systick_timer.o -I.\RTE\_
Target_1 -ID:\Work\ARM\PACK\Keil\TM4C_DFP\1.1.0\Device\Include\TM4C123 -ID:\Wor
k\ARM\CMSIS\Include --predefine="__EVAL SETA 1" --predefine="__UVISION_VERSION 
SETA 526" --predefine="TM4C123GH6PM SETA 1" --list=.\listings\systick_timer.lst
 SysTick_Timer.s



ARM Macro Assembler    Page 1 Alphabetic symbol ordering
Relocatable symbols

FINISH 0000026A

Symbol: FINISH
   Definitions
      At line 269 in file SysTick_Timer.s
   Uses
      At line 96 in file SysTick_Timer.s
      At line 242 in file SysTick_Timer.s

INIT_SYSTICK 00000000

Symbol: INIT_SYSTICK
   Definitions
      At line 37 in file SysTick_Timer.s
   Uses
      At line 27 in file SysTick_Timer.s
Comment: INIT_SYSTICK used once
My_SYSTICK 00000026

Symbol: My_SYSTICK
   Definitions
      At line 75 in file SysTick_Timer.s
   Uses
      At line 71 in file SysTick_Timer.s
Comment: My_SYSTICK used once
cont 00000052

Symbol: cont
   Definitions
      At line 99 in file SysTick_Timer.s
   Uses
      At line 83 in file SysTick_Timer.s
Comment: cont used once
routines 00000000

Symbol: routines
   Definitions
      At line 25 in file SysTick_Timer.s
   Uses
      None
Comment: routines unused
write0 00000080

Symbol: write0
   Definitions
      At line 115 in file SysTick_Timer.s
   Uses
      At line 113 in file SysTick_Timer.s
      At line 249 in file SysTick_Timer.s

write1 000000AA

Symbol: write1
   Definitions
      At line 127 in file SysTick_Timer.s
   Uses
      At line 111 in file SysTick_Timer.s
      At line 251 in file SysTick_Timer.s




ARM Macro Assembler    Page 2 Alphabetic symbol ordering
Relocatable symbols

write2 000000D4

Symbol: write2
   Definitions
      At line 139 in file SysTick_Timer.s
   Uses
      At line 109 in file SysTick_Timer.s
      At line 253 in file SysTick_Timer.s

write3 000000FE

Symbol: write3
   Definitions
      At line 152 in file SysTick_Timer.s
   Uses
      At line 255 in file SysTick_Timer.s
Comment: write3 used once
write4 00000128

Symbol: write4
   Definitions
      At line 164 in file SysTick_Timer.s
   Uses
      At line 257 in file SysTick_Timer.s
Comment: write4 used once
write5 00000152

Symbol: write5
   Definitions
      At line 176 in file SysTick_Timer.s
   Uses
      At line 259 in file SysTick_Timer.s
Comment: write5 used once
write6 0000017C

Symbol: write6
   Definitions
      At line 189 in file SysTick_Timer.s
   Uses
      At line 261 in file SysTick_Timer.s
Comment: write6 used once
write7 000001A6

Symbol: write7
   Definitions
      At line 202 in file SysTick_Timer.s
   Uses
      At line 263 in file SysTick_Timer.s
Comment: write7 used once
write8 000001D0

Symbol: write8
   Definitions
      At line 215 in file SysTick_Timer.s
   Uses
      At line 265 in file SysTick_Timer.s
Comment: write8 used once
write9 000001FA




ARM Macro Assembler    Page 3 Alphabetic symbol ordering
Relocatable symbols

Symbol: write9
   Definitions
      At line 228 in file SysTick_Timer.s
   Uses
      At line 267 in file SysTick_Timer.s
Comment: write9 used once
writebosluk 00000224

Symbol: writebosluk
   Definitions
      At line 240 in file SysTick_Timer.s
   Uses
      At line 125 in file SysTick_Timer.s
      At line 137 in file SysTick_Timer.s
      At line 149 in file SysTick_Timer.s
      At line 162 in file SysTick_Timer.s
      At line 174 in file SysTick_Timer.s
      At line 186 in file SysTick_Timer.s
      At line 199 in file SysTick_Timer.s
      At line 212 in file SysTick_Timer.s
      At line 225 in file SysTick_Timer.s
      At line 238 in file SysTick_Timer.s

16 symbols



ARM Macro Assembler    Page 1 Alphabetic symbol ordering
Absolute symbols

Field_Address 20000400

Symbol: Field_Address
   Definitions
      At line 14 in file SysTick_Timer.s
   Uses
      None
Comment: Field_Address unused
GPIO_PORTB_IN 400053C0

Symbol: GPIO_PORTB_IN
   Definitions
      At line 12 in file SysTick_Timer.s
   Uses
      None
Comment: GPIO_PORTB_IN unused
GPIO_PORTB_OUT 4000503C

Symbol: GPIO_PORTB_OUT
   Definitions
      At line 13 in file SysTick_Timer.s
   Uses
      None
Comment: GPIO_PORTB_OUT unused
NVIC_ST_CTRL E000E010

Symbol: NVIC_ST_CTRL
   Definitions
      At line 6 in file SysTick_Timer.s
   Uses
      At line 41 in file SysTick_Timer.s
      At line 49 in file SysTick_Timer.s
      At line 84 in file SysTick_Timer.s

NVIC_ST_CURRENT E000E018

Symbol: NVIC_ST_CURRENT
   Definitions
      At line 8 in file SysTick_Timer.s
   Uses
      At line 47 in file SysTick_Timer.s
      At line 90 in file SysTick_Timer.s

NVIC_ST_RELOAD E000E014

Symbol: NVIC_ST_RELOAD
   Definitions
      At line 7 in file SysTick_Timer.s
   Uses
      At line 44 in file SysTick_Timer.s
      At line 87 in file SysTick_Timer.s

OUT_PORTB_DC 40005008

Symbol: OUT_PORTB_DC
   Definitions
      At line 16 in file SysTick_Timer.s
   Uses
      None



ARM Macro Assembler    Page 2 Alphabetic symbol ordering
Absolute symbols

Comment: OUT_PORTB_DC unused
OUT_PORTB_RESET 40005004

Symbol: OUT_PORTB_RESET
   Definitions
      At line 17 in file SysTick_Timer.s
   Uses
      None
Comment: OUT_PORTB_RESET unused
RELOAD_0 00000000

Symbol: RELOAD_0
   Definitions
      At line 11 in file SysTick_Timer.s
   Uses
      At line 88 in file SysTick_Timer.s
Comment: RELOAD_0 used once
RELOAD_VALUE 01499999

Symbol: RELOAD_VALUE
   Definitions
      At line 10 in file SysTick_Timer.s
   Uses
      At line 45 in file SysTick_Timer.s
Comment: RELOAD_VALUE used once
SSI0_DR 40008008

Symbol: SSI0_DR
   Definitions
      At line 18 in file SysTick_Timer.s
   Uses
      None
Comment: SSI0_DR unused
SSI0_SR 4000800C

Symbol: SSI0_SR
   Definitions
      At line 19 in file SysTick_Timer.s
   Uses
      None
Comment: SSI0_SR unused
12 symbols



ARM Macro Assembler    Page 1 Alphabetic symbol ordering
External symbols

ADDRESS_CHANGE 00000000

Symbol: ADDRESS_CHANGE
   Definitions
      At line 29 in file SysTick_Timer.s
   Uses
      At line 106 in file SysTick_Timer.s
Comment: ADDRESS_CHANGE used once
DATA_WRITE 00000000

Symbol: DATA_WRITE
   Definitions
      At line 28 in file SysTick_Timer.s
   Uses
      At line 116 in file SysTick_Timer.s
      At line 118 in file SysTick_Timer.s
      At line 120 in file SysTick_Timer.s
      At line 122 in file SysTick_Timer.s
      At line 124 in file SysTick_Timer.s
      At line 128 in file SysTick_Timer.s
      At line 130 in file SysTick_Timer.s
      At line 132 in file SysTick_Timer.s
      At line 134 in file SysTick_Timer.s
      At line 136 in file SysTick_Timer.s
      At line 140 in file SysTick_Timer.s
      At line 142 in file SysTick_Timer.s
      At line 144 in file SysTick_Timer.s
      At line 146 in file SysTick_Timer.s
      At line 148 in file SysTick_Timer.s
      At line 153 in file SysTick_Timer.s
      At line 155 in file SysTick_Timer.s
      At line 157 in file SysTick_Timer.s
      At line 159 in file SysTick_Timer.s
      At line 161 in file SysTick_Timer.s
      At line 165 in file SysTick_Timer.s
      At line 167 in file SysTick_Timer.s
      At line 169 in file SysTick_Timer.s
      At line 171 in file SysTick_Timer.s
      At line 173 in file SysTick_Timer.s
      At line 177 in file SysTick_Timer.s
      At line 179 in file SysTick_Timer.s
      At line 181 in file SysTick_Timer.s
      At line 183 in file SysTick_Timer.s
      At line 185 in file SysTick_Timer.s
      At line 190 in file SysTick_Timer.s
      At line 192 in file SysTick_Timer.s
      At line 194 in file SysTick_Timer.s
      At line 196 in file SysTick_Timer.s
      At line 198 in file SysTick_Timer.s
      At line 203 in file SysTick_Timer.s
      At line 205 in file SysTick_Timer.s
      At line 207 in file SysTick_Timer.s
      At line 209 in file SysTick_Timer.s
      At line 211 in file SysTick_Timer.s
      At line 216 in file SysTick_Timer.s
      At line 218 in file SysTick_Timer.s
      At line 220 in file SysTick_Timer.s
      At line 222 in file SysTick_Timer.s
      At line 224 in file SysTick_Timer.s



ARM Macro Assembler    Page 2 Alphabetic symbol ordering
External symbols

      At line 229 in file SysTick_Timer.s
      At line 231 in file SysTick_Timer.s
      At line 233 in file SysTick_Timer.s
      At line 235 in file SysTick_Timer.s
      At line 237 in file SysTick_Timer.s
      At line 245 in file SysTick_Timer.s

DELAY_1ms 00000000

Symbol: DELAY_1ms
   Definitions
      At line 30 in file SysTick_Timer.s
   Uses
      None
Comment: DELAY_1ms unused
END_CASE 00000000

Symbol: END_CASE
   Definitions
      At line 70 in file SysTick_Timer.s
   Uses
      At line 94 in file SysTick_Timer.s
Comment: END_CASE used once
LOSER 00000000

Symbol: LOSER
   Definitions
      At line 68 in file SysTick_Timer.s
   Uses
      None
Comment: LOSER unused
WINNER 00000000

Symbol: WINNER
   Definitions
      At line 67 in file SysTick_Timer.s
   Uses
      None
Comment: WINNER unused
WINORLOSE 00000000

Symbol: WINORLOSE
   Definitions
      At line 69 in file SysTick_Timer.s
   Uses
      None
Comment: WINORLOSE unused
7 symbols
371 symbols in table
