Component: ARM Compiler 5.06 update 6 (build 750) Tool: armlink [4d35ed]

==============================================================================

Section Cross References

    startup.o(STACK) refers (Special) to heapauxi.o(.text) for __use_two_region_memory
    startup.o(HEAP) refers (Special) to heapauxi.o(.text) for __use_two_region_memory
    startup.o(RESET) refers (Special) to heapauxi.o(.text) for __use_two_region_memory
    startup.o(RESET) refers to startup.o(STACK) for StackMem
    startup.o(RESET) refers to week_demo_2.o(main) for __main
    startup.o(RESET) refers to pulse.o(routines) for My_Timer0A_Handler
    startup.o(.text) refers (Special) to heapauxi.o(.text) for __use_two_region_memory
    startup.o(.text) refers to startup.o(HEAP) for HeapMem
    startup.o(.text) refers to startup.o(STACK) for StackMem
    week_demo_2.o(main) refers to pulse.o(routines) for PULSE_INIT
    week_demo_2.o(main) refers to pulse_input_2.o(main) for PULSE_INPUT_INIT
    week_demo_2.o(main) refers to outstr.o(.text) for OutStr
    week_demo_2.o(main) refers to convrt.o(routines) for CONVRT
    week_demo_2.o(main) refers to ledingen.o(sdata) for ledingen
    week_demo_2.o(main) refers to week_demo_2.o(sdata) for Width
    week_4a.o(main) refers to pulse.o(routines) for PULSE_INIT


==============================================================================

Removing Unused input sections from the image.

    Removing pulse_input_2.o(sdata), (0 bytes).
    Removing startup.o(HEAP), (0 bytes).
    Removing startup.o(.text), (48 bytes).
    Removing week_4a.o(main), (8 bytes).

4 unused section(s) (total 56 bytes) removed from the image.

==============================================================================

Image Symbol Table

    Local Symbols

    Symbol Name                              Value     Ov Type        Size  Object(Section)

    RESET                                    0x00000000   Section      656  startup.o(RESET)
    ../clib/heapaux.c                        0x00000000   Number         0  heapauxi.o ABSOLUTE
    CONVRT.s                                 0x00000000   Number         0  convrt.o ABSOLUTE
    OutStr.s                                 0x00000000   Number         0  outstr.o ABSOLUTE
    Pulse.s                                  0x00000000   Number         0  pulse.o ABSOLUTE
    Pulse_Input_2.s                          0x00000000   Number         0  pulse_input_2.o ABSOLUTE
    Startup.s                                0x00000000   Number         0  startup.o ABSOLUTE
    UART.s                                   0x00000000   Number         0  uart.o ABSOLUTE
    dc.s                                     0x00000000   Number         0  dc.o ABSOLUTE
    ledingen.s                               0x00000000   Number         0  ledingen.o ABSOLUTE
    week_4a.s                                0x00000000   Number         0  week_4a.o ABSOLUTE
    week_demo_2.s                            0x00000000   Number         0  week_demo_2.o ABSOLUTE
    $v0                                      0x0000026c   Number         0  startup.o(RESET)
    .text                                    0x00000290   Section      236  outstr.o(.text)
    $v0                                      0x00000290   Number         0  outstr.o(.text)
    .text                                    0x0000037c   Section        0  heapauxi.o(.text)
    main                                     0x00000384   Section      192  pulse_input_2.o(main)
    $v0                                      0x00000384   Number         0  pulse_input_2.o(main)
    main                                     0x00000444   Section      204  week_demo_2.o(main)
    $v0                                      0x00000444   Number         0  week_demo_2.o(main)
    routines                                 0x00000510   Section      292  pulse.o(routines)
    $v0                                      0x00000510   Number         0  pulse.o(routines)
    routines                                 0x00000634   Section       72  convrt.o(routines)
    $v0                                      0x00000634   Number         0  convrt.o(routines)
    sdata                                    0x0000067c   Section      100  ledingen.o(sdata)
    $v0                                      0x0000067c   Number         0  ledingen.o(sdata)
    sdata                                    0x000006e0   Section       52  week_demo_2.o(sdata)
    Width                                    0x000006e0   Data           1  week_demo_2.o(sdata)
    Duty                                     0x000006f5   Data           1  week_demo_2.o(sdata)
    Period                                   0x00000706   Data           1  week_demo_2.o(sdata)
    STACK                                    0x20000000   Section     1024  startup.o(STACK)
    StackMem                                 0x20000000   Data           0  startup.o(STACK)

    Global Symbols

    Symbol Name                              Value     Ov Type        Size  Object(Section)

    BuildAttributes$$THM_ISAv4$E$P$D$K$B$S$7EM$VFPi3$EXTD16$VFPS$VFMA$PE$A:L22UL41UL21$X:L11$S22US41US21$IEEE1$IW$USESV6$~STKCKD$USESV7$~SHL$OSPACE$ROPI$EBA8$STANDARDLIB$REQ8$EABIv2 0x00000000   Number         0  anon$$obj.o ABSOLUTE
    __Vectors                                0x00000000   Data           0  startup.o(RESET)
    Reset_Handler                            0x0000026d   Thumb Code     0  startup.o(RESET)
    NMI_Handler                              0x00000271   Thumb Code     2  startup.o(RESET)
    HardFault_Handler                        0x00000273   Thumb Code     2  startup.o(RESET)
    MemManage_Handler                        0x00000275   Thumb Code     2  startup.o(RESET)
    BusFault_Handler                         0x00000277   Thumb Code     2  startup.o(RESET)
    UsageFault_Handler                       0x00000279   Thumb Code     2  startup.o(RESET)
    SVC_Handler                              0x0000027b   Thumb Code     2  startup.o(RESET)
    DebugMon_Handler                         0x0000027d   Thumb Code     2  startup.o(RESET)
    PendSV_Handler                           0x0000027f   Thumb Code     2  startup.o(RESET)
    SysTick_Handler                          0x00000281   Thumb Code     2  startup.o(RESET)
    ADC0Seq0_Handler                         0x00000283   Thumb Code     0  startup.o(RESET)
    ADC0Seq1_Handler                         0x00000283   Thumb Code     0  startup.o(RESET)
    ADC0Seq2_Handler                         0x00000283   Thumb Code     0  startup.o(RESET)
    ADC0Seq3_Handler                         0x00000283   Thumb Code     0  startup.o(RESET)
    GPIOPortA_Handler                        0x00000283   Thumb Code     0  startup.o(RESET)
    GPIOPortB_Handler                        0x00000283   Thumb Code     0  startup.o(RESET)
    GPIOPortC_Handler                        0x00000283   Thumb Code     0  startup.o(RESET)
    GPIOPortD_Handler                        0x00000283   Thumb Code     0  startup.o(RESET)
    GPIOPortE_Handler                        0x00000283   Thumb Code     0  startup.o(RESET)
    I2C0_Handler                             0x00000283   Thumb Code     0  startup.o(RESET)
    PWM0Fault_Handler                        0x00000283   Thumb Code     0  startup.o(RESET)
    PWM0Generator0_Handler                   0x00000283   Thumb Code     0  startup.o(RESET)
    PWM0Generator1_Handler                   0x00000283   Thumb Code     0  startup.o(RESET)
    PWM0Generator2_Handler                   0x00000283   Thumb Code     0  startup.o(RESET)
    Quadrature0_Handler                      0x00000283   Thumb Code     0  startup.o(RESET)
    SSI0_Handler                             0x00000283   Thumb Code     0  startup.o(RESET)
    Timer0A_Handler                          0x00000283   Thumb Code     0  startup.o(RESET)
    UART0_Handler                            0x00000283   Thumb Code     0  startup.o(RESET)
    UART1_Handler                            0x00000283   Thumb Code     0  startup.o(RESET)
    WDT_Handler                              0x00000283   Thumb Code     0  startup.o(RESET)
    ADC1Seq0_Handler                         0x0000028f   Thumb Code     0  startup.o(RESET)
    ADC1Seq1_Handler                         0x0000028f   Thumb Code     0  startup.o(RESET)
    ADC1Seq2_Handler                         0x0000028f   Thumb Code     0  startup.o(RESET)
    ADC1Seq3_Handler                         0x0000028f   Thumb Code     0  startup.o(RESET)
    CAN0_Handler                             0x0000028f   Thumb Code     0  startup.o(RESET)
    CAN1_Handler                             0x0000028f   Thumb Code     0  startup.o(RESET)
    CAN2_Handler                             0x0000028f   Thumb Code     0  startup.o(RESET)
    Comp0_Handler                            0x0000028f   Thumb Code     0  startup.o(RESET)
    Comp1_Handler                            0x0000028f   Thumb Code     0  startup.o(RESET)
    Comp2_Handler                            0x0000028f   Thumb Code     0  startup.o(RESET)
    Ethernet_Handler                         0x0000028f   Thumb Code     0  startup.o(RESET)
    ExtBus_Handler                           0x0000028f   Thumb Code     0  startup.o(RESET)
    FPU_Handler                              0x0000028f   Thumb Code     0  startup.o(RESET)
    Fan0_Handler                             0x0000028f   Thumb Code     0  startup.o(RESET)
    FlashCtl_Handler                         0x0000028f   Thumb Code     0  startup.o(RESET)
    GPIOPortF_Handler                        0x0000028f   Thumb Code     0  startup.o(RESET)
    GPIOPortG_Handler                        0x0000028f   Thumb Code     0  startup.o(RESET)
    GPIOPortH_Handler                        0x0000028f   Thumb Code     0  startup.o(RESET)
    GPIOPortJ_Handler                        0x0000028f   Thumb Code     0  startup.o(RESET)
    GPIOPortK_Handler                        0x0000028f   Thumb Code     0  startup.o(RESET)
    GPIOPortL_Handler                        0x0000028f   Thumb Code     0  startup.o(RESET)
    GPIOPortM_Handler                        0x0000028f   Thumb Code     0  startup.o(RESET)
    GPIOPortN_Handler                        0x0000028f   Thumb Code     0  startup.o(RESET)
    GPIOPortP1_Handler                       0x0000028f   Thumb Code     0  startup.o(RESET)
    GPIOPortP2_Handler                       0x0000028f   Thumb Code     0  startup.o(RESET)
    GPIOPortP3_Handler                       0x0000028f   Thumb Code     0  startup.o(RESET)
    GPIOPortP4_Handler                       0x0000028f   Thumb Code     0  startup.o(RESET)
    GPIOPortP5_Handler                       0x0000028f   Thumb Code     0  startup.o(RESET)
    GPIOPortP6_Handler                       0x0000028f   Thumb Code     0  startup.o(RESET)
    GPIOPortP7_Handler                       0x0000028f   Thumb Code     0  startup.o(RESET)
    GPIOPortP_Handler                        0x0000028f   Thumb Code     0  startup.o(RESET)
    GPIOPortQ1_Handler                       0x0000028f   Thumb Code     0  startup.o(RESET)
    GPIOPortQ2_Handler                       0x0000028f   Thumb Code     0  startup.o(RESET)
    GPIOPortQ3_Handler                       0x0000028f   Thumb Code     0  startup.o(RESET)
    GPIOPortQ4_Handler                       0x0000028f   Thumb Code     0  startup.o(RESET)
    GPIOPortQ5_Handler                       0x0000028f   Thumb Code     0  startup.o(RESET)
    GPIOPortQ6_Handler                       0x0000028f   Thumb Code     0  startup.o(RESET)
    GPIOPortQ7_Handler                       0x0000028f   Thumb Code     0  startup.o(RESET)
    GPIOPortQ_Handler                        0x0000028f   Thumb Code     0  startup.o(RESET)
    GPIOPortR_Handler                        0x0000028f   Thumb Code     0  startup.o(RESET)
    GPIOPortS_Handler                        0x0000028f   Thumb Code     0  startup.o(RESET)
    Hibernate_Handler                        0x0000028f   Thumb Code     0  startup.o(RESET)
    I2C1_Handler                             0x0000028f   Thumb Code     0  startup.o(RESET)
    I2C2_Handler                             0x0000028f   Thumb Code     0  startup.o(RESET)
    I2C3_Handler                             0x0000028f   Thumb Code     0  startup.o(RESET)
    I2C4_Handler                             0x0000028f   Thumb Code     0  startup.o(RESET)
    I2C5_Handler                             0x0000028f   Thumb Code     0  startup.o(RESET)
    I2S0_Handler                             0x0000028f   Thumb Code     0  startup.o(RESET)
    LPC0_Handler                             0x0000028f   Thumb Code     0  startup.o(RESET)
    PECI0_Handler                            0x0000028f   Thumb Code     0  startup.o(RESET)
    PWM0Generator3_Handler                   0x0000028f   Thumb Code     0  startup.o(RESET)
    PWM1Fault_Handler                        0x0000028f   Thumb Code     0  startup.o(RESET)
    PWM1Generator0_Handler                   0x0000028f   Thumb Code     0  startup.o(RESET)
    PWM1Generator1_Handler                   0x0000028f   Thumb Code     0  startup.o(RESET)
    PWM1Generator2_Handler                   0x0000028f   Thumb Code     0  startup.o(RESET)
    PWM1Generator3_Handler                   0x0000028f   Thumb Code     0  startup.o(RESET)
    Quadrature1_Handler                      0x0000028f   Thumb Code     0  startup.o(RESET)
    Quadrature2_Handler                      0x0000028f   Thumb Code     0  startup.o(RESET)
    SSI1_Handler                             0x0000028f   Thumb Code     0  startup.o(RESET)
    SSI2_Handler                             0x0000028f   Thumb Code     0  startup.o(RESET)
    SSI3_Handler                             0x0000028f   Thumb Code     0  startup.o(RESET)
    SysCtl_Handler                           0x0000028f   Thumb Code     0  startup.o(RESET)
    Timer0B_Handler                          0x0000028f   Thumb Code     0  startup.o(RESET)
    Timer1A_Handler                          0x0000028f   Thumb Code     0  startup.o(RESET)
    Timer1B_Handler                          0x0000028f   Thumb Code     0  startup.o(RESET)
    Timer2A_Handler                          0x0000028f   Thumb Code     0  startup.o(RESET)
    Timer2B_Handler                          0x0000028f   Thumb Code     0  startup.o(RESET)
    Timer3A_Handler                          0x0000028f   Thumb Code     0  startup.o(RESET)
    Timer3B_Handler                          0x0000028f   Thumb Code     0  startup.o(RESET)
    Timer4A_Handler                          0x0000028f   Thumb Code     0  startup.o(RESET)
    Timer4B_Handler                          0x0000028f   Thumb Code     0  startup.o(RESET)
    Timer5A_Handler                          0x0000028f   Thumb Code     0  startup.o(RESET)
    Timer5B_Handler                          0x0000028f   Thumb Code     0  startup.o(RESET)
    UART2_Handler                            0x0000028f   Thumb Code     0  startup.o(RESET)
    UART3_Handler                            0x0000028f   Thumb Code     0  startup.o(RESET)
    UART4_Handler                            0x0000028f   Thumb Code     0  startup.o(RESET)
    UART5_Handler                            0x0000028f   Thumb Code     0  startup.o(RESET)
    UART6_Handler                            0x0000028f   Thumb Code     0  startup.o(RESET)
    UART7_Handler                            0x0000028f   Thumb Code     0  startup.o(RESET)
    USB0_Handler                             0x0000028f   Thumb Code     0  startup.o(RESET)
    WideTimer0A_Handler                      0x0000028f   Thumb Code     0  startup.o(RESET)
    WideTimer0B_Handler                      0x0000028f   Thumb Code     0  startup.o(RESET)
    WideTimer1A_Handler                      0x0000028f   Thumb Code     0  startup.o(RESET)
    WideTimer1B_Handler                      0x0000028f   Thumb Code     0  startup.o(RESET)
    WideTimer2A_Handler                      0x0000028f   Thumb Code     0  startup.o(RESET)
    WideTimer2B_Handler                      0x0000028f   Thumb Code     0  startup.o(RESET)
    WideTimer3A_Handler                      0x0000028f   Thumb Code     0  startup.o(RESET)
    WideTimer3B_Handler                      0x0000028f   Thumb Code     0  startup.o(RESET)
    WideTimer4A_Handler                      0x0000028f   Thumb Code     0  startup.o(RESET)
    WideTimer4B_Handler                      0x0000028f   Thumb Code     0  startup.o(RESET)
    WideTimer5A_Handler                      0x0000028f   Thumb Code     0  startup.o(RESET)
    WideTimer5B_Handler                      0x0000028f   Thumb Code     0  startup.o(RESET)
    uDMA_Error                               0x0000028f   Thumb Code     0  startup.o(RESET)
    uDMA_Handler                             0x0000028f   Thumb Code     0  startup.o(RESET)
    OutStr                                   0x00000291   Thumb Code     0  outstr.o(.text)
    __use_two_region_memory                  0x0000037d   Thumb Code     2  heapauxi.o(.text)
    __rt_heap_escrow$2region                 0x0000037f   Thumb Code     2  heapauxi.o(.text)
    __rt_heap_expand$2region                 0x00000381   Thumb Code     2  heapauxi.o(.text)
    PULSE_INPUT_INIT                         0x00000385   Thumb Code   136  pulse_input_2.o(main)
    __main                                   0x00000445   Thumb Code   170  week_demo_2.o(main)
    My_Timer0A_Handler                       0x00000511   Thumb Code    58  pulse.o(routines)
    PULSE_INIT                               0x0000054b   Thumb Code   162  pulse.o(routines)
    CONVRT                                   0x00000635   Thumb Code    62  convrt.o(routines)
    ledingen                                 0x0000067d   Thumb Code    80  ledingen.o(sdata)



==============================================================================

Memory Map of the image

  Image Entry point : 0x0000026d

  Load Region LR_1 (Base: 0x00000000, Size: 0x00000b14, Max: 0xffffffff, ABSOLUTE)

    Execution Region ER_RO (Exec base: 0x00000000, Load base: 0x00000000, Size: 0x00000714, Max: 0xffffffff, ABSOLUTE)

    Exec Addr    Load Addr    Size         Type   Attr      Idx    E Section Name        Object

    0x00000000   0x00000000   0x00000290   Code   RO           17  * RESET               startup.o
    0x00000290   0x00000290   0x000000ec   Code   RO            1    .text               outstr.o
    0x0000037c   0x0000037c   0x00000006   Code   RO           42    .text               c_w.l(heapauxi.o)
    0x00000382   0x00000382   0x00000002   PAD
    0x00000384   0x00000384   0x000000c0   Code   RO           11    main                pulse_input_2.o
    0x00000444   0x00000444   0x000000cc   Code   RO           25    main                week_demo_2.o
    0x00000510   0x00000510   0x00000124   Code   RO            6    routines            pulse.o
    0x00000634   0x00000634   0x00000048   Code   RO           36    routines            convrt.o
    0x0000067c   0x0000067c   0x00000064   Code   RO           32    sdata               ledingen.o
    0x000006e0   0x000006e0   0x00000034   Data   RO           24    sdata               week_demo_2.o


    Execution Region ER_RW (Exec base: 0x20000000, Load base: 0x00000714, Size: 0x00000400, Max: 0xffffffff, ABSOLUTE)

    Exec Addr    Load Addr    Size         Type   Attr      Idx    E Section Name        Object

    0x20000000   0x00000714   0x00000400   Data   RW           15    STACK               startup.o


    Execution Region ER_ZI (Exec base: 0x20000400, Load base: 0x00000b14, Size: 0x00000000, Max: 0xffffffff, ABSOLUTE)

    **** No section assigned to this execution region ****


==============================================================================

Image component sizes


      Code (inc. data)   RO Data    RW Data    ZI Data      Debug   Object Name

        72          6          0          0          0        380   convrt.o
       100         20          0          0          0        396   ledingen.o
       236         54          0          0          0        316   outstr.o
       292         70          0          0          0        468   pulse.o
       192         54          0          0          0        436   pulse_input_2.o
       656        620          0       1024          0        744   startup.o
       204         34         52          0          0        400   week_demo_2.o

    ----------------------------------------------------------------------
      1752        858         52       1024          0       3140   Object Totals
         0          0          0          0          0          0   (incl. Generated)
         0          0          0          0          0          0   (incl. Padding)

    ----------------------------------------------------------------------

      Code (inc. data)   RO Data    RW Data    ZI Data      Debug   Library Member Name

         6          0          0          0          0        152   heapauxi.o

    ----------------------------------------------------------------------
         8          0          0          0          0        152   Library Totals
         2          0          0          0          0          0   (incl. Padding)

    ----------------------------------------------------------------------

      Code (inc. data)   RO Data    RW Data    ZI Data      Debug   Library Name

         6          0          0          0          0        152   c_w.l

    ----------------------------------------------------------------------
         8          0          0          0          0        152   Library Totals

    ----------------------------------------------------------------------

==============================================================================


      Code (inc. data)   RO Data    RW Data    ZI Data      Debug   

      1760        858         52       1024          0       2792   Grand Totals
      1760        858         52       1024          0       2792   ELF Image Totals
      1760        858         52       1024          0          0   ROM Totals

==============================================================================

    Total RO  Size (Code + RO Data)                 1812 (   1.77kB)
    Total RW  Size (RW Data + ZI Data)              1024 (   1.00kB)
    Total ROM Size (Code + RO Data + RW Data)       2836 (   2.77kB)

==============================================================================

